cargo : warning: unused import: `std::collections::HashMap`
위치 줄:1 문자:1
+ cargo check 2> errors.txt
+ ~~~~~~~~~~~~~~~~~~~~~~~~~
    + CategoryInfo          : NotSpecified: (warning: unused...tions::HashMap`:String) [], RemoteException
    + FullyQualifiedErrorId : NativeCommandError
 
 --> crates\axia-transaction\src\lib.rs:7:5
  |
7 | use std::collections::HashMap;
  |     ^^^^^^^^^^^^^^^^^^^^^^^^^
  |
  = note: `#[warn(unused_imports)]` (part of `#[warn(unused)]`) on by default

warning: `axia-transaction` (lib) generated 1 warning (run `cargo fix --lib -p axia-transaction` to apply 1 suggestion)
    Checking axia-geo v0.1.0 (E:\AXiA 3D\crates\axia-geo)
    Checking web-sys v0.3.94
error[E0425]: cannot find type `VertId` in this scope
  --> crates\axia-geo\src\storage.rs:38:16
   |
38 | impl_slot_key!(VertId);
   |                ^^^^^^ not found in this scope
   |
help: consider importing this struct through its public re-export
   |
 6 + use crate::entities::VertId;
   |

error[E0425]: cannot find type `EdgeId` in this scope
  --> crates\axia-geo\src\storage.rs:39:16
   |
39 | impl_slot_key!(EdgeId);
   |                ^^^^^^ not found in this scope
   |
help: consider importing this struct through its public re-export
   |
 6 + use crate::entities::EdgeId;
   |

error[E0425]: cannot find type `HeId` in this scope
  --> crates\axia-geo\src\storage.rs:40:16
   |
40 | impl_slot_key!(HeId);
   |                ^^^^ not found in this scope
   |
help: consider importing this struct through its public re-export
   |
 6 + use crate::entities::HeId;
   |

error[E0425]: cannot find type `FaceId` in this scope
  --> crates\axia-geo\src\storage.rs:41:16
   |
41 | impl_slot_key!(FaceId);
   |                ^^^^^^ not found in this scope
   |
help: consider importing this struct through its public re-export
   |
 6 + use crate::entities::FaceId;
   |

error[E0425]: cannot find type `VertId` in this scope
  --> crates\axia-geo\src\operations\draw.rs:19:18
   |
19 |     ) -> Result<(VertId, VertId, EdgeId)> {
   |                  ^^^^^^ not found in this scope
   |
help: consider importing this struct through its public re-export
   |
 5 + use crate::entities::VertId;
   |

error[E0425]: cannot find type `VertId` in this scope
  --> crates\axia-geo\src\operations\draw.rs:19:26
   |
19 |     ) -> Result<(VertId, VertId, EdgeId)> {
   |                          ^^^^^^ not found in this scope
   |
help: consider importing this struct through its public re-export
   |
 5 + use crate::entities::VertId;
   |

error[E0425]: cannot find type `EdgeId` in this scope
  --> crates\axia-geo\src\operations\draw.rs:19:34
   |
19 |     ) -> Result<(VertId, VertId, EdgeId)> {
   |                                  ^^^^^^ not found in this scope
   |
help: consider importing this struct through its public re-export
   |
 5 + use crate::entities::EdgeId;
   |

error[E0425]: cannot find type `MaterialId` in this scope
  --> crates\axia-geo\src\operations\draw.rs:35:19
   |
35 |         material: MaterialId,
   |                   ^^^^^^^^^^ not found in this scope
   |
help: consider importing this struct through its public re-export
   |
 5 + use crate::entities::MaterialId;
   |

error[E0425]: cannot find type `FaceId` in this scope
  --> crates\axia-geo\src\operations\draw.rs:36:18
   |
36 |     ) -> Result<(FaceId, [VertId; 4])> {
   |                  ^^^^^^ not found in this scope
   |
help: consider importing this struct through its public re-export
   |
 5 + use crate::entities::FaceId;
   |

error[E0425]: cannot find type `VertId` in this scope
  --> crates\axia-geo\src\operations\draw.rs:36:27
   |
36 |     ) -> Result<(FaceId, [VertId; 4])> {
   |                           ^^^^^^ not found in this scope
   |
help: consider importing this struct through its public re-export
   |
 5 + use crate::entities::VertId;
   |

error[E0425]: cannot find type `MaterialId` in this scope
  --> crates\axia-geo\src\operations\draw.rs:61:19
   |
61 |         material: MaterialId,
   |                   ^^^^^^^^^^ not found in this scope
   |
help: consider importing this struct through its public re-export
   |
 5 + use crate::entities::MaterialId;
   |

error[E0425]: cannot find type `FaceId` in this scope
  --> crates\axia-geo\src\operations\draw.rs:62:18
   |
62 |     ) -> Result<(FaceId, Vec<VertId>)> {
   |                  ^^^^^^ not found in this scope
   |
help: consider importing this struct through its public re-export
   |
 5 + use crate::entities::FaceId;
   |

error[E0425]: cannot find type `VertId` in this scope
  --> crates\axia-geo\src\operations\draw.rs:62:30
   |
62 |     ) -> Result<(FaceId, Vec<VertId>)> {
   |                              ^^^^^^ not found in this scope
   |
help: consider importing this struct through its public re-export
   |
 5 + use crate::entities::VertId;
   |

error[E0425]: cannot find type `FaceId` in this scope
  --> crates\axia-geo\src\operations\push_pull.rs:15:20
   |
15 |     pub base_face: FaceId,
   |                    ^^^^^^ not found in this scope
   |
help: consider importing this struct through its public re-export
   |
 6 + use crate::entities::FaceId;
   |

error[E0425]: cannot find type `FaceId` in this scope
  --> crates\axia-geo\src\operations\push_pull.rs:17:19
   |
17 |     pub top_face: FaceId,
   |                   ^^^^^^ not found in this scope
   |
help: consider importing this struct through its public re-export
   |
 6 + use crate::entities::FaceId;
   |

error[E0425]: cannot find type `FaceId` in this scope
  --> crates\axia-geo\src\operations\push_pull.rs:19:25
   |
19 |     pub side_faces: Vec<FaceId>,
   |                         ^^^^^^ not found in this scope
   |
help: consider importing this struct through its public re-export
   |
 6 + use crate::entities::FaceId;
   |

error[E0425]: cannot find type `VertId` in this scope
  --> crates\axia-geo\src\operations\push_pull.rs:21:24
   |
21 |     pub new_verts: Vec<VertId>,
   |                        ^^^^^^ not found in this scope
   |
help: consider importing this struct through its public re-export
   |
 6 + use crate::entities::VertId;
   |

error[E0425]: cannot find type `FaceId` in this scope
  --> crates\axia-geo\src\operations\push_pull.rs:34:18
   |
34 |         face_id: FaceId,
   |                  ^^^^^^ not found in this scope
   |
help: consider importing this struct through its public re-export
   |
 6 + use crate::entities::FaceId;
   |

error[E0425]: cannot find type `MaterialId` in this scope
  --> crates\axia-geo\src\operations\push_pull.rs:37:19
   |
37 |         material: MaterialId,
   |                   ^^^^^^^^^^ not found in this scope
   |
help: consider importing this struct through its public re-export
   |
 6 + use crate::entities::MaterialId;
   |

error[E0603]: module `id` is private
  --> crates\axia-geo\src\storage.rs:9:22
   |
 9 | use crate::entities::id::*;
   |                      ^^ private module
   |
note: the module `id` is defined here
  --> crates\axia-geo\src\entities\mod.rs:12:1
   |
12 | mod id;
   | ^^^^^^^

error[E0603]: module `id` is private
  --> crates\axia-geo\src\operations\draw.rs:8:22
   |
 8 | use crate::entities::id::*;
   |                      ^^ private module
   |
note: the module `id` is defined here
  --> crates\axia-geo\src\entities\mod.rs:12:1
   |
12 | mod id;
   | ^^^^^^^

error[E0603]: module `id` is private
  --> crates\axia-geo\src\operations\push_pull.rs:9:22
   |
 9 | use crate::entities::id::*;
   |                      ^^ private module
   |
note: the module `id` is defined here
  --> crates\axia-geo\src\entities\mod.rs:12:1
   |
12 | mod id;
   | ^^^^^^^

error[E0603]: module `id` is private
  --> crates\axia-geo\src\lib.rs:21:19
   |
21 | pub use entities::id::*;
   |                   ^^ private module
   |
note: the module `id` is defined here
  --> crates\axia-geo\src\entities\mod.rs:12:1
   |
12 | mod id;
   | ^^^^^^^

error[E0277]: the trait bound `id::VertId: SlotKey` is not satisfied
  --> crates\axia-geo\src\mesh.rs:25:16
   |
25 |     pub verts: SlotStorage<VertId, Vertex>,
   |                ^^^^^^^^^^^^^^^^^^^^^^^^^^^ unsatisfied trait bound
   |
help: the trait `SlotKey` is not implemented for `id::VertId`
  --> crates\axia-geo\src\entities\id.rs:13:9
   |
13 |         pub struct $name(u32);
   |         ^^^^^^^^^^^^^^^^^^^^^^
...
61 | define_id!(VertId);
   | ------------------ in this macro invocation
note: required by a bound in `SlotStorage`
  --> crates\axia-geo\src\storage.rs:45:27
   |
45 | pub struct SlotStorage<K: SlotKey, V> {
   |                           ^^^^^^^ required by this bound in `SlotStorage`
   = note: this error originates in the macro `define_id` (in Nightly builds, run with -Z macro-backtrace for more info)

error[E0277]: the trait bound `id::EdgeId: SlotKey` is not satisfied
  --> crates\axia-geo\src\mesh.rs:27:16
   |
27 |     pub edges: SlotStorage<EdgeId, Edge>,
   |                ^^^^^^^^^^^^^^^^^^^^^^^^^ unsatisfied trait bound
   |
help: the trait `SlotKey` is not implemented for `id::EdgeId`
  --> crates\axia-geo\src\entities\id.rs:13:9
   |
13 |         pub struct $name(u32);
   |         ^^^^^^^^^^^^^^^^^^^^^^
...
62 | define_id!(EdgeId);
   | ------------------ in this macro invocation
note: required by a bound in `SlotStorage`
  --> crates\axia-geo\src\storage.rs:45:27
   |
45 | pub struct SlotStorage<K: SlotKey, V> {
   |                           ^^^^^^^ required by this bound in `SlotStorage`
   = note: this error originates in the macro `define_id` (in Nightly builds, run with -Z macro-backtrace for more info)

error[E0277]: the trait bound `id::HeId: SlotKey` is not satisfied
  --> crates\axia-geo\src\mesh.rs:29:14
   |
29 |     pub hes: SlotStorage<HeId, HalfEdge>,
   |              ^^^^^^^^^^^^^^^^^^^^^^^^^^^ unsatisfied trait bound
   |
help: the trait `SlotKey` is not implemented for `id::HeId`
  --> crates\axia-geo\src\entities\id.rs:13:9
   |
13 |         pub struct $name(u32);
   |         ^^^^^^^^^^^^^^^^^^^^^^
...
63 | define_id!(HeId);
   | ---------------- in this macro invocation
note: required by a bound in `SlotStorage`
  --> crates\axia-geo\src\storage.rs:45:27
   |
45 | pub struct SlotStorage<K: SlotKey, V> {
   |                           ^^^^^^^ required by this bound in `SlotStorage`
   = note: this error originates in the macro `define_id` (in Nightly builds, run with -Z macro-backtrace for more info)

error[E0277]: the trait bound `id::FaceId: SlotKey` is not satisfied
  --> crates\axia-geo\src\mesh.rs:31:16
   |
31 |     pub faces: SlotStorage<FaceId, Face>,
   |                ^^^^^^^^^^^^^^^^^^^^^^^^^ unsatisfied trait bound
   |
help: the trait `SlotKey` is not implemented for `id::FaceId`
  --> crates\axia-geo\src\entities\id.rs:13:9
   |
13 |         pub struct $name(u32);
   |         ^^^^^^^^^^^^^^^^^^^^^^
...
64 | define_id!(FaceId);
   | ------------------ in this macro invocation
note: required by a bound in `SlotStorage`
  --> crates\axia-geo\src\storage.rs:45:27
   |
45 | pub struct SlotStorage<K: SlotKey, V> {
   |                           ^^^^^^^ required by this bound in `SlotStorage`
   = note: this error originates in the macro `define_id` (in Nightly builds, run with -Z macro-backtrace for more info)

error[E0277]: the trait bound `DVec3: serde::Serialize` is not satisfied
    --> crates\axia-geo\src\entities\vertex.rs:11:24
     |
  11 | #[derive(Clone, Debug, Serialize, Deserialize)]
     |                        ^^^^^^^^^ the trait `Serialize` is not implemented for `DVec3`
  12 | pub struct Vertex {
  13 |     /// 3D position (double-precision for CAD accuracy)
     |     --------------------------------------------------- required by a bound introduced by this call
     |
     = note: for local types consider adding `#[derive(serde::Serialize)]` to your `DVec3` type
     = note: for types from other crates check whether the crate offers a `serde` feature flag
     = help: the following other types implement trait `Serialize`:
               &'a T
               &'a mut T
               ()
               (T,)
               (T0, T1)
               (T0, T1, T2)
               (T0, T1, T2, T3)
               (T0, T1, T2, T3, T4)
             and 138 others
note: required by a bound in `vertex::_::_serde::ser::SerializeStruct::serialize_field`
    --> C:\Users\user\.cargo\registry\src\index.crates.io-1949cf8c6b5b557f\serde_core-1.0.228\src\ser\mod.rs:1917:21
     |
1915 |     fn serialize_field<T>(&mut self, key: &'static str, value: &T) -> Result<(), Self::Error>
     |        --------------- required by a bound in this associated function
1916 |     where
1917 |         T: ?Sized + Serialize;
     |                     ^^^^^^^^^ required by this bound in `SerializeStruct::serialize_field`
     = note: this error originates in the derive macro `Serialize` (in Nightly builds, run with -Z macro-backtrace for m
ore info)

error[E0277]: the trait bound `DVec3: serde::Deserialize<'de>` is not satisfied
    --> crates\axia-geo\src\entities\vertex.rs:14:10
     |
  14 |     pos: DVec3,
     |          ^^^^^ the trait `Deserialize<'_>` is not implemented for `DVec3`
     |
     = note: for local types consider adding `#[derive(serde::Deserialize)]` to your `DVec3` type
     = note: for types from other crates check whether the crate offers a `serde` feature flag
     = help: the following other types implement trait `Deserialize<'de>`:
               &'a Path
               &'a [u8]
               &'a str
               ()
               (T,)
               (T0, T1)
               (T0, T1, T2)
               (T0, T1, T2, T3)
             and 151 others
note: required by a bound in `next_element`
    --> C:\Users\user\.cargo\registry\src\index.crates.io-1949cf8c6b5b557f\serde_core-1.0.228\src\de\mod.rs:1771:12
     |
1769 |     fn next_element<T>(&mut self) -> Result<Option<T>, Self::Error>
     |        ------------ required by a bound in this associated function
1770 |     where
1771 |         T: Deserialize<'de>,
     |            ^^^^^^^^^^^^^^^^ required by this bound in `SeqAccess::next_element`

error[E0277]: the trait bound `DVec3: serde::Deserialize<'de>` is not satisfied
    --> crates\axia-geo\src\entities\vertex.rs:14:10
     |
  14 |     pos: DVec3,
     |          ^^^^^ the trait `Deserialize<'_>` is not implemented for `DVec3`
     |
     = note: for local types consider adding `#[derive(serde::Deserialize)]` to your `DVec3` type
     = note: for types from other crates check whether the crate offers a `serde` feature flag
     = help: the following other types implement trait `Deserialize<'de>`:
               &'a Path
               &'a [u8]
               &'a str
               ()
               (T,)
               (T0, T1)
               (T0, T1, T2)
               (T0, T1, T2, T3)
             and 151 others
note: required by a bound in `next_value`
    --> C:\Users\user\.cargo\registry\src\index.crates.io-1949cf8c6b5b557f\serde_core-1.0.228\src\de\mod.rs:1916:12
     |
1914 |     fn next_value<V>(&mut self) -> Result<V, Self::Error>
     |        ---------- required by a bound in this associated function
1915 |     where
1916 |         V: Deserialize<'de>,
     |            ^^^^^^^^^^^^^^^^ required by this bound in `MapAccess::next_value`

error[E0277]: the trait bound `DVec3: serde::Deserialize<'de>` is not satisfied
  --> crates\axia-geo\src\entities\vertex.rs:11:35
   |
11 | #[derive(Clone, Debug, Serialize, Deserialize)]
   |                                   ^^^^^^^^^^^ the trait `Deserialize<'_>` is not implemented for `DVec3`
   |
   = note: for local types consider adding `#[derive(serde::Deserialize)]` to your `DVec3` type
   = note: for types from other crates check whether the crate offers a `serde` feature flag
   = help: the following other types implement trait `Deserialize<'de>`:
             &'a Path
             &'a [u8]
             &'a str
             ()
             (T,)
             (T0, T1)
             (T0, T1, T2)
             (T0, T1, T2, T3)
           and 151 others
note: required by a bound in `vertex::_::_serde::__private228::de::missing_field`
  --> C:\Users\user\.cargo\registry\src\index.crates.io-1949cf8c6b5b557f\serde-1.0.228\src\private\de.rs:26:8
   |
24 | pub fn missing_field<'de, V, E>(field: &'static str) -> Result<V, E>
   |        ------------- required by a bound in this function
25 | where
26 |     V: Deserialize<'de>,
   |        ^^^^^^^^^^^^^^^^ required by this bound in `missing_field`
   = note: this error originates in the derive macro `Deserialize` (in Nightly builds, run with -Z macro-backtrace for m
ore info)

error[E0277]: the trait bound `half_edge::_::InternalBitFlags: serde::Serialize` is not satisfied
   --> crates\axia-geo\src\entities\half_edge.rs:13:58
    |
 12 | / bitflags! {
 13 | |     #[derive(Clone, Copy, Debug, Default, PartialEq, Eq, Serialize, Deserialize)]
    | |                                                          ^^^^^^^^^ unsatisfied trait bound
 14 | |     pub struct HeFlags: u32 {
 15 | |         /// Soft edge (don't render as hard line)
...   |
 22 | | }
    | |_- required by a bound introduced by this call
    |
help: the trait `Serialize` is not implemented for `half_edge::_::InternalBitFlags`
   --> crates\axia-geo\src\entities\half_edge.rs:12:1
    |
 12 | / bitflags! {
 13 | |     #[derive(Clone, Copy, Debug, Default, PartialEq, Eq, Serialize, Deserialize)]
 14 | |     pub struct HeFlags: u32 {
 15 | |         /// Soft edge (don't render as hard line)
...   |
 22 | | }
    | |_^
    = note: for local types consider adding `#[derive(serde::Serialize)]` to your `half_edge::_::InternalBitFlags` type
    = note: for types from other crates check whether the crate offers a `serde` feature flag
    = help: the following other types implement trait `Serialize`:
              &'a T
              &'a mut T
              ()
              (T,)
              (T0, T1)
              (T0, T1, T2)
              (T0, T1, T2, T3)
              (T0, T1, T2, T3, T4)
            and 138 others
note: required by a bound in `serialize_newtype_struct`
   --> C:\Users\user\.cargo\registry\src\index.crates.io-1949cf8c6b5b557f\serde_core-1.0.228\src\ser\mod.rs:922:21
    |
916 |     fn serialize_newtype_struct<T>(
    |        ------------------------ required by a bound in this associated function
...
922 |         T: ?Sized + Serialize;
    |                     ^^^^^^^^^ required by this bound in `Serializer::serialize_newtype_struct`
    = note: this error originates in the derive macro `Serialize` which comes from the expansion of the macro `bitflags`
 (in Nightly builds, run with -Z macro-backtrace for more info)

error[E0277]: the trait bound `half_edge::_::InternalBitFlags: serde::Deserialize<'de>` is not satisfied
  --> crates\axia-geo\src\entities\half_edge.rs:12:1
   |
12 | / bitflags! {
13 | |     #[derive(Clone, Copy, Debug, Default, PartialEq, Eq, Serialize, Deserialize)]
14 | |     pub struct HeFlags: u32 {
15 | |         /// Soft edge (don't render as hard line)
...  |
22 | | }
   | |_^ unsatisfied trait bound
   |
help: the trait `Deserialize<'_>` is not implemented for `half_edge::_::InternalBitFlags`
  --> crates\axia-geo\src\entities\half_edge.rs:12:1
   |
12 | / bitflags! {
13 | |     #[derive(Clone, Copy, Debug, Default, PartialEq, Eq, Serialize, Deserialize)]
14 | |     pub struct HeFlags: u32 {
15 | |         /// Soft edge (don't render as hard line)
...  |
22 | | }
   | |_^
   = note: for local types consider adding `#[derive(serde::Deserialize)]` to your `half_edge::_::InternalBitFlags` type
   = note: for types from other crates check whether the crate offers a `serde` feature flag
   = help: the following other types implement trait `Deserialize<'de>`:
             &'a Path
             &'a [u8]
             &'a str
             ()
             (T,)
             (T0, T1)
             (T0, T1, T2)
             (T0, T1, T2, T3)
           and 151 others
   = note: this error originates in the macro `$crate::__declare_public_bitflags` which comes from the expansion of the 
macro `bitflags` (in Nightly builds, run with -Z macro-backtrace for more info)

error[E0277]: the trait bound `half_edge::_::InternalBitFlags: serde::Deserialize<'de>` is not satisfied
    --> crates\axia-geo\src\entities\half_edge.rs:12:1
     |
  12 | / bitflags! {
  13 | |     #[derive(Clone, Copy, Debug, Default, PartialEq, Eq, Serialize, Deserialize)]
  14 | |     pub struct HeFlags: u32 {
  15 | |         /// Soft edge (don't render as hard line)
...    |
  22 | | }
     | |_^ unsatisfied trait bound
     |
help: the trait `Deserialize<'_>` is not implemented for `half_edge::_::InternalBitFlags`
    --> crates\axia-geo\src\entities\half_edge.rs:12:1
     |
  12 | / bitflags! {
  13 | |     #[derive(Clone, Copy, Debug, Default, PartialEq, Eq, Serialize, Deserialize)]
  14 | |     pub struct HeFlags: u32 {
  15 | |         /// Soft edge (don't render as hard line)
...    |
  22 | | }
     | |_^
     = note: for local types consider adding `#[derive(serde::Deserialize)]` to your `half_edge::_::InternalBitFlags` ty
pe
     = note: for types from other crates check whether the crate offers a `serde` feature flag
     = help: the following other types implement trait `Deserialize<'de>`:
               &'a Path
               &'a [u8]
               &'a str
               ()
               (T,)
               (T0, T1)
               (T0, T1, T2)
               (T0, T1, T2, T3)
             and 151 others
note: required by a bound in `next_element`
    --> C:\Users\user\.cargo\registry\src\index.crates.io-1949cf8c6b5b557f\serde_core-1.0.228\src\de\mod.rs:1771:12
     |
1769 |     fn next_element<T>(&mut self) -> Result<Option<T>, Self::Error>
     |        ------------ required by a bound in this associated function
1770 |     where
1771 |         T: Deserialize<'de>,
     |            ^^^^^^^^^^^^^^^^ required by this bound in `SeqAccess::next_element`
     = note: this error originates in the macro `$crate::__declare_public_bitflags` which comes from the expansion of th
e macro `bitflags` (in Nightly builds, run with -Z macro-backtrace for more info)

error[E0277]: the trait bound `SmallVec<[face::LoopRef; 1]>: serde::Serialize` is not satisfied
    --> crates\axia-geo\src\entities\face.rs:38:24
     |
  38 | #[derive(Clone, Debug, Serialize, Deserialize)]
     |                        ^^^^^^^^^ the trait `Serialize` is not implemented for `SmallVec<[face::LoopRef; 1]>`
...
  42 |     /// Inner loops (holes) ??SmallVec optimized for 0-1 holes
     |     ---------------------------------------------------------- required by a bound introduced by this call
     |
     = note: for local types consider adding `#[derive(serde::Serialize)]` to your `SmallVec<[face::LoopRef; 1]>` type
     = note: for types from other crates check whether the crate offers a `serde` feature flag
     = help: the following other types implement trait `Serialize`:
               &'a T
               &'a mut T
               ()
               (T,)
               (T0, T1)
               (T0, T1, T2)
               (T0, T1, T2, T3)
               (T0, T1, T2, T3, T4)
             and 138 others
note: required by a bound in `vertex::_::_serde::ser::SerializeStruct::serialize_field`
    --> C:\Users\user\.cargo\registry\src\index.crates.io-1949cf8c6b5b557f\serde_core-1.0.228\src\ser\mod.rs:1917:21
     |
1915 |     fn serialize_field<T>(&mut self, key: &'static str, value: &T) -> Result<(), Self::Error>
     |        --------------- required by a bound in this associated function
1916 |     where
1917 |         T: ?Sized + Serialize;
     |                     ^^^^^^^^^ required by this bound in `SerializeStruct::serialize_field`
     = note: this error originates in the derive macro `Serialize` (in Nightly builds, run with -Z macro-backtrace for m
ore info)

error[E0277]: the trait bound `DVec3: serde::Serialize` is not satisfied
    --> crates\axia-geo\src\entities\face.rs:38:24
     |
  38 | #[derive(Clone, Debug, Serialize, Deserialize)]
     |                        ^^^^^^^^^ the trait `Serialize` is not implemented for `DVec3`
...
  46 |     /// Cached unit normal vector
     |     ----------------------------- required by a bound introduced by this call
     |
     = note: for local types consider adding `#[derive(serde::Serialize)]` to your `DVec3` type
     = note: for types from other crates check whether the crate offers a `serde` feature flag
     = help: the following other types implement trait `Serialize`:
               &'a T
               &'a mut T
               ()
               (T,)
               (T0, T1)
               (T0, T1, T2)
               (T0, T1, T2, T3)
               (T0, T1, T2, T3, T4)
             and 138 others
note: required by a bound in `vertex::_::_serde::ser::SerializeStruct::serialize_field`
    --> C:\Users\user\.cargo\registry\src\index.crates.io-1949cf8c6b5b557f\serde_core-1.0.228\src\ser\mod.rs:1917:21
     |
1915 |     fn serialize_field<T>(&mut self, key: &'static str, value: &T) -> Result<(), Self::Error>
     |        --------------- required by a bound in this associated function
1916 |     where
1917 |         T: ?Sized + Serialize;
     |                     ^^^^^^^^^ required by this bound in `SerializeStruct::serialize_field`
     = note: this error originates in the derive macro `Serialize` (in Nightly builds, run with -Z macro-backtrace for m
ore info)

error[E0277]: the trait bound `SmallVec<[face::LoopRef; 1]>: serde::Deserialize<'de>` is not satisfied
    --> crates\axia-geo\src\entities\face.rs:43:13
     |
  43 |     inners: SmallVec<[LoopRef; 1]>,
     |             ^^^^^^^^^^^^^^^^^^^^^^ the trait `Deserialize<'_>` is not implemented for `SmallVec<[face::LoopRef; 1
]>`
     |
     = note: for local types consider adding `#[derive(serde::Deserialize)]` to your `SmallVec<[face::LoopRef; 1]>` type
     = note: for types from other crates check whether the crate offers a `serde` feature flag
     = help: the following other types implement trait `Deserialize<'de>`:
               &'a Path
               &'a [u8]
               &'a str
               ()
               (T,)
               (T0, T1)
               (T0, T1, T2)
               (T0, T1, T2, T3)
             and 152 others
note: required by a bound in `next_element`
    --> C:\Users\user\.cargo\registry\src\index.crates.io-1949cf8c6b5b557f\serde_core-1.0.228\src\de\mod.rs:1771:12
     |
1769 |     fn next_element<T>(&mut self) -> Result<Option<T>, Self::Error>
     |        ------------ required by a bound in this associated function
1770 |     where
1771 |         T: Deserialize<'de>,
     |            ^^^^^^^^^^^^^^^^ required by this bound in `SeqAccess::next_element`

error[E0277]: the trait bound `DVec3: serde::Deserialize<'de>` is not satisfied
    --> crates\axia-geo\src\entities\face.rs:47:13
     |
  47 |     normal: DVec3,
     |             ^^^^^ the trait `Deserialize<'_>` is not implemented for `DVec3`
     |
     = note: for local types consider adding `#[derive(serde::Deserialize)]` to your `DVec3` type
     = note: for types from other crates check whether the crate offers a `serde` feature flag
     = help: the following other types implement trait `Deserialize<'de>`:
               &'a Path
               &'a [u8]
               &'a str
               ()
               (T,)
               (T0, T1)
               (T0, T1, T2)
               (T0, T1, T2, T3)
             and 152 others
note: required by a bound in `next_element`
    --> C:\Users\user\.cargo\registry\src\index.crates.io-1949cf8c6b5b557f\serde_core-1.0.228\src\de\mod.rs:1771:12
     |
1769 |     fn next_element<T>(&mut self) -> Result<Option<T>, Self::Error>
     |        ------------ required by a bound in this associated function
1770 |     where
1771 |         T: Deserialize<'de>,
     |            ^^^^^^^^^^^^^^^^ required by this bound in `SeqAccess::next_element`

error[E0277]: the trait bound `SmallVec<[face::LoopRef; 1]>: serde::Deserialize<'de>` is not satisfied
    --> crates\axia-geo\src\entities\face.rs:43:13
     |
  43 |     inners: SmallVec<[LoopRef; 1]>,
     |             ^^^^^^^^^^^^^^^^^^^^^^ the trait `Deserialize<'_>` is not implemented for `SmallVec<[face::LoopRef; 1
]>`
     |
     = note: for local types consider adding `#[derive(serde::Deserialize)]` to your `SmallVec<[face::LoopRef; 1]>` type
     = note: for types from other crates check whether the crate offers a `serde` feature flag
     = help: the following other types implement trait `Deserialize<'de>`:
               &'a Path
               &'a [u8]
               &'a str
               ()
               (T,)
               (T0, T1)
               (T0, T1, T2)
               (T0, T1, T2, T3)
             and 152 others
note: required by a bound in `next_value`
    --> C:\Users\user\.cargo\registry\src\index.crates.io-1949cf8c6b5b557f\serde_core-1.0.228\src\de\mod.rs:1916:12
     |
1914 |     fn next_value<V>(&mut self) -> Result<V, Self::Error>
     |        ---------- required by a bound in this associated function
1915 |     where
1916 |         V: Deserialize<'de>,
     |            ^^^^^^^^^^^^^^^^ required by this bound in `MapAccess::next_value`

error[E0277]: the trait bound `DVec3: serde::Deserialize<'de>` is not satisfied
    --> crates\axia-geo\src\entities\face.rs:47:13
     |
  47 |     normal: DVec3,
     |             ^^^^^ the trait `Deserialize<'_>` is not implemented for `DVec3`
     |
     = note: for local types consider adding `#[derive(serde::Deserialize)]` to your `DVec3` type
     = note: for types from other crates check whether the crate offers a `serde` feature flag
     = help: the following other types implement trait `Deserialize<'de>`:
               &'a Path
               &'a [u8]
               &'a str
               ()
               (T,)
               (T0, T1)
               (T0, T1, T2)
               (T0, T1, T2, T3)
             and 152 others
note: required by a bound in `next_value`
    --> C:\Users\user\.cargo\registry\src\index.crates.io-1949cf8c6b5b557f\serde_core-1.0.228\src\de\mod.rs:1916:12
     |
1914 |     fn next_value<V>(&mut self) -> Result<V, Self::Error>
     |        ---------- required by a bound in this associated function
1915 |     where
1916 |         V: Deserialize<'de>,
     |            ^^^^^^^^^^^^^^^^ required by this bound in `MapAccess::next_value`

error[E0277]: the trait bound `SmallVec<[face::LoopRef; 1]>: serde::Deserialize<'de>` is not satisfied
  --> crates\axia-geo\src\entities\face.rs:38:35
   |
38 | #[derive(Clone, Debug, Serialize, Deserialize)]
   |                                   ^^^^^^^^^^^ the trait `Deserialize<'_>` is not implemented for `SmallVec<[face::L
oopRef; 1]>`
   |
   = note: for local types consider adding `#[derive(serde::Deserialize)]` to your `SmallVec<[face::LoopRef; 1]>` type
   = note: for types from other crates check whether the crate offers a `serde` feature flag
   = help: the following other types implement trait `Deserialize<'de>`:
             &'a Path
             &'a [u8]
             &'a str
             ()
             (T,)
             (T0, T1)
             (T0, T1, T2)
             (T0, T1, T2, T3)
           and 152 others
note: required by a bound in `vertex::_::_serde::__private228::de::missing_field`
  --> C:\Users\user\.cargo\registry\src\index.crates.io-1949cf8c6b5b557f\serde-1.0.228\src\private\de.rs:26:8
   |
24 | pub fn missing_field<'de, V, E>(field: &'static str) -> Result<V, E>
   |        ------------- required by a bound in this function
25 | where
26 |     V: Deserialize<'de>,
   |        ^^^^^^^^^^^^^^^^ required by this bound in `missing_field`
   = note: this error originates in the derive macro `Deserialize` (in Nightly builds, run with -Z macro-backtrace for m
ore info)

error[E0277]: the trait bound `DVec3: serde::Deserialize<'de>` is not satisfied
  --> crates\axia-geo\src\entities\face.rs:38:35
   |
38 | #[derive(Clone, Debug, Serialize, Deserialize)]
   |                                   ^^^^^^^^^^^ the trait `Deserialize<'_>` is not implemented for `DVec3`
   |
   = note: for local types consider adding `#[derive(serde::Deserialize)]` to your `DVec3` type
   = note: for types from other crates check whether the crate offers a `serde` feature flag
   = help: the following other types implement trait `Deserialize<'de>`:
             &'a Path
             &'a [u8]
             &'a str
             ()
             (T,)
             (T0, T1)
             (T0, T1, T2)
             (T0, T1, T2, T3)
           and 152 others
note: required by a bound in `vertex::_::_serde::__private228::de::missing_field`
  --> C:\Users\user\.cargo\registry\src\index.crates.io-1949cf8c6b5b557f\serde-1.0.228\src\private\de.rs:26:8
   |
24 | pub fn missing_field<'de, V, E>(field: &'static str) -> Result<V, E>
   |        ------------- required by a bound in this function
25 | where
26 |     V: Deserialize<'de>,
   |        ^^^^^^^^^^^^^^^^ required by this bound in `missing_field`
   = note: this error originates in the derive macro `Deserialize` (in Nightly builds, run with -Z macro-backtrace for m
ore info)

error[E0277]: the trait bound `flags::_::InternalBitFlags: serde::Serialize` is not satisfied
   --> crates\axia-geo\src\entities\flags.rs:7:58
    |
  6 | / bitflags! {
  7 | |     #[derive(Clone, Copy, Debug, Default, PartialEq, Eq, Serialize, Deserialize)]
    | |                                                          ^^^^^^^^^ unsatisfied trait bound
  8 | |     pub struct SharedFlags: u32 {
  9 | |         const SELECTED   = 1 << 0;
...   |
 14 | | }
    | |_- required by a bound introduced by this call
    |
help: the trait `Serialize` is not implemented for `flags::_::InternalBitFlags`
   --> crates\axia-geo\src\entities\flags.rs:6:1
    |
  6 | / bitflags! {
  7 | |     #[derive(Clone, Copy, Debug, Default, PartialEq, Eq, Serialize, Deserialize)]
  8 | |     pub struct SharedFlags: u32 {
  9 | |         const SELECTED   = 1 << 0;
...   |
 14 | | }
    | |_^
    = note: for local types consider adding `#[derive(serde::Serialize)]` to your `flags::_::InternalBitFlags` type
    = note: for types from other crates check whether the crate offers a `serde` feature flag
    = help: the following other types implement trait `Serialize`:
              &'a T
              &'a mut T
              ()
              (T,)
              (T0, T1)
              (T0, T1, T2)
              (T0, T1, T2, T3)
              (T0, T1, T2, T3, T4)
            and 138 others
note: required by a bound in `serialize_newtype_struct`
   --> C:\Users\user\.cargo\registry\src\index.crates.io-1949cf8c6b5b557f\serde_core-1.0.228\src\ser\mod.rs:922:21
    |
916 |     fn serialize_newtype_struct<T>(
    |        ------------------------ required by a bound in this associated function
...
922 |         T: ?Sized + Serialize;
    |                     ^^^^^^^^^ required by this bound in `Serializer::serialize_newtype_struct`
    = note: this error originates in the derive macro `Serialize` which comes from the expansion of the macro `bitflags`
 (in Nightly builds, run with -Z macro-backtrace for more info)

error[E0277]: the trait bound `flags::_::InternalBitFlags: serde::Deserialize<'de>` is not satisfied
  --> crates\axia-geo\src\entities\flags.rs:6:1
   |
 6 | / bitflags! {
 7 | |     #[derive(Clone, Copy, Debug, Default, PartialEq, Eq, Serialize, Deserialize)]
 8 | |     pub struct SharedFlags: u32 {
 9 | |         const SELECTED   = 1 << 0;
...  |
14 | | }
   | |_^ unsatisfied trait bound
   |
help: the trait `Deserialize<'_>` is not implemented for `flags::_::InternalBitFlags`
  --> crates\axia-geo\src\entities\flags.rs:6:1
   |
 6 | / bitflags! {
 7 | |     #[derive(Clone, Copy, Debug, Default, PartialEq, Eq, Serialize, Deserialize)]
 8 | |     pub struct SharedFlags: u32 {
 9 | |         const SELECTED   = 1 << 0;
...  |
14 | | }
   | |_^
   = note: for local types consider adding `#[derive(serde::Deserialize)]` to your `flags::_::InternalBitFlags` type
   = note: for types from other crates check whether the crate offers a `serde` feature flag
   = help: the following other types implement trait `Deserialize<'de>`:
             &'a Path
             &'a [u8]
             &'a str
             ()
             (T,)
             (T0, T1)
             (T0, T1, T2)
             (T0, T1, T2, T3)
           and 150 others
   = note: this error originates in the macro `$crate::__declare_public_bitflags` which comes from the expansion of the 
macro `bitflags` (in Nightly builds, run with -Z macro-backtrace for more info)

error[E0277]: the trait bound `flags::_::InternalBitFlags: serde::Deserialize<'de>` is not satisfied
    --> crates\axia-geo\src\entities\flags.rs:6:1
     |
   6 | / bitflags! {
   7 | |     #[derive(Clone, Copy, Debug, Default, PartialEq, Eq, Serialize, Deserialize)]
   8 | |     pub struct SharedFlags: u32 {
   9 | |         const SELECTED   = 1 << 0;
...    |
  14 | | }
     | |_^ unsatisfied trait bound
     |
help: the trait `Deserialize<'_>` is not implemented for `flags::_::InternalBitFlags`
    --> crates\axia-geo\src\entities\flags.rs:6:1
     |
   6 | / bitflags! {
   7 | |     #[derive(Clone, Copy, Debug, Default, PartialEq, Eq, Serialize, Deserialize)]
   8 | |     pub struct SharedFlags: u32 {
   9 | |         const SELECTED   = 1 << 0;
...    |
  14 | | }
     | |_^
     = note: for local types consider adding `#[derive(serde::Deserialize)]` to your `flags::_::InternalBitFlags` type
     = note: for types from other crates check whether the crate offers a `serde` feature flag
     = help: the following other types implement trait `Deserialize<'de>`:
               &'a Path
               &'a [u8]
               &'a str
               ()
               (T,)
               (T0, T1)
               (T0, T1, T2)
               (T0, T1, T2, T3)
             and 150 others
note: required by a bound in `next_element`
    --> C:\Users\user\.cargo\registry\src\index.crates.io-1949cf8c6b5b557f\serde_core-1.0.228\src\de\mod.rs:1771:12
     |
1769 |     fn next_element<T>(&mut self) -> Result<Option<T>, Self::Error>
     |        ------------ required by a bound in this associated function
1770 |     where
1771 |         T: Deserialize<'de>,
     |            ^^^^^^^^^^^^^^^^ required by this bound in `SeqAccess::next_element`
     = note: this error originates in the macro `$crate::__declare_public_bitflags` which comes from the expansion of th
e macro `bitflags` (in Nightly builds, run with -Z macro-backtrace for more info)

error[E0277]: the trait bound `id::VertId: SlotKey` is not satisfied
  --> crates\axia-geo\src\mesh.rs:25:5
   |
20 | #[derive(Clone, Debug)]
   |          ----- in this derive macro expansion
...
25 |     pub verts: SlotStorage<VertId, Vertex>,
   |     ^^^^^^^^^^^^^^^^^^^^^^^^^^^^^^^^^^^^^^ unsatisfied trait bound
   |
help: the trait `SlotKey` is not implemented for `id::VertId`
  --> crates\axia-geo\src\entities\id.rs:13:9
   |
13 |         pub struct $name(u32);
   |         ^^^^^^^^^^^^^^^^^^^^^^
...
61 | define_id!(VertId);
   | ------------------ in this macro invocation
note: required by a bound in `SlotStorage`
  --> crates\axia-geo\src\storage.rs:45:27
   |
45 | pub struct SlotStorage<K: SlotKey, V> {
   |                           ^^^^^^^ required by this bound in `SlotStorage`
   = note: this error originates in the derive macro `Clone` which comes from the expansion of the macro `define_id` (in
 Nightly builds, run with -Z macro-backtrace for more info)

error[E0277]: the trait bound `id::EdgeId: SlotKey` is not satisfied
  --> crates\axia-geo\src\mesh.rs:27:5
   |
20 | #[derive(Clone, Debug)]
   |          ----- in this derive macro expansion
...
27 |     pub edges: SlotStorage<EdgeId, Edge>,
   |     ^^^^^^^^^^^^^^^^^^^^^^^^^^^^^^^^^^^^ unsatisfied trait bound
   |
help: the trait `SlotKey` is not implemented for `id::EdgeId`
  --> crates\axia-geo\src\entities\id.rs:13:9
   |
13 |         pub struct $name(u32);
   |         ^^^^^^^^^^^^^^^^^^^^^^
...
62 | define_id!(EdgeId);
   | ------------------ in this macro invocation
note: required by a bound in `SlotStorage`
  --> crates\axia-geo\src\storage.rs:45:27
   |
45 | pub struct SlotStorage<K: SlotKey, V> {
   |                           ^^^^^^^ required by this bound in `SlotStorage`
   = note: this error originates in the derive macro `Clone` which comes from the expansion of the macro `define_id` (in
 Nightly builds, run with -Z macro-backtrace for more info)

error[E0277]: the trait bound `id::HeId: SlotKey` is not satisfied
  --> crates\axia-geo\src\mesh.rs:29:5
   |
20 | #[derive(Clone, Debug)]
   |          ----- in this derive macro expansion
...
29 |     pub hes: SlotStorage<HeId, HalfEdge>,
   |     ^^^^^^^^^^^^^^^^^^^^^^^^^^^^^^^^^^^^ unsatisfied trait bound
   |
help: the trait `SlotKey` is not implemented for `id::HeId`
  --> crates\axia-geo\src\entities\id.rs:13:9
   |
13 |         pub struct $name(u32);
   |         ^^^^^^^^^^^^^^^^^^^^^^
...
63 | define_id!(HeId);
   | ---------------- in this macro invocation
note: required by a bound in `SlotStorage`
  --> crates\axia-geo\src\storage.rs:45:27
   |
45 | pub struct SlotStorage<K: SlotKey, V> {
   |                           ^^^^^^^ required by this bound in `SlotStorage`
   = note: this error originates in the derive macro `Clone` which comes from the expansion of the macro `define_id` (in
 Nightly builds, run with -Z macro-backtrace for more info)

error[E0277]: the trait bound `id::FaceId: SlotKey` is not satisfied
  --> crates\axia-geo\src\mesh.rs:31:5
   |
20 | #[derive(Clone, Debug)]
   |          ----- in this derive macro expansion
...
31 |     pub faces: SlotStorage<FaceId, Face>,
   |     ^^^^^^^^^^^^^^^^^^^^^^^^^^^^^^^^^^^^ unsatisfied trait bound
   |
help: the trait `SlotKey` is not implemented for `id::FaceId`
  --> crates\axia-geo\src\entities\id.rs:13:9
   |
13 |         pub struct $name(u32);
   |         ^^^^^^^^^^^^^^^^^^^^^^
...
64 | define_id!(FaceId);
   | ------------------ in this macro invocation
note: required by a bound in `SlotStorage`
  --> crates\axia-geo\src\storage.rs:45:27
   |
45 | pub struct SlotStorage<K: SlotKey, V> {
   |                           ^^^^^^^ required by this bound in `SlotStorage`
   = note: this error originates in the derive macro `Clone` which comes from the expansion of the macro `define_id` (in
 Nightly builds, run with -Z macro-backtrace for more info)

error[E0277]: the trait bound `id::VertId: SlotKey` is not satisfied
  --> crates\axia-geo\src\mesh.rs:25:5
   |
20 | #[derive(Clone, Debug)]
   |                 ----- in this derive macro expansion
...
25 |     pub verts: SlotStorage<VertId, Vertex>,
   |     ^^^^^^^^^^^^^^^^^^^^^^^^^^^^^^^^^^^^^^ unsatisfied trait bound
   |
help: the trait `SlotKey` is not implemented for `id::VertId`
  --> crates\axia-geo\src\entities\id.rs:13:9
   |
13 |         pub struct $name(u32);
   |         ^^^^^^^^^^^^^^^^^^^^^^
...
61 | define_id!(VertId);
   | ------------------ in this macro invocation
help: the trait `Debug` is implemented for `SlotStorage<K, V>`
  --> crates\axia-geo\src\storage.rs:44:17
   |
44 | #[derive(Clone, Debug)]
   |                 ^^^^^
note: required for `SlotStorage<id::VertId, vertex::Vertex>` to implement `Debug`
  --> crates\axia-geo\src\storage.rs:44:17
   |
44 | #[derive(Clone, Debug)]
   |                 ^^^^^
45 | pub struct SlotStorage<K: SlotKey, V> {
   |                           ------- unsatisfied trait bound introduced in this `derive` macro
   = note: required for the cast from `&SlotStorage<id::VertId, vertex::Vertex>` to `&dyn Debug`

error[E0277]: the trait bound `id::EdgeId: SlotKey` is not satisfied
  --> crates\axia-geo\src\mesh.rs:27:5
   |
20 | #[derive(Clone, Debug)]
   |                 ----- in this derive macro expansion
...
27 |     pub edges: SlotStorage<EdgeId, Edge>,
   |     ^^^^^^^^^^^^^^^^^^^^^^^^^^^^^^^^^^^^ unsatisfied trait bound
   |
help: the trait `SlotKey` is not implemented for `id::EdgeId`
  --> crates\axia-geo\src\entities\id.rs:13:9
   |
13 |         pub struct $name(u32);
   |         ^^^^^^^^^^^^^^^^^^^^^^
...
62 | define_id!(EdgeId);
   | ------------------ in this macro invocation
help: the trait `Debug` is implemented for `SlotStorage<K, V>`
  --> crates\axia-geo\src\storage.rs:44:17
   |
44 | #[derive(Clone, Debug)]
   |                 ^^^^^
note: required for `SlotStorage<id::EdgeId, edge::Edge>` to implement `Debug`
  --> crates\axia-geo\src\storage.rs:44:17
   |
44 | #[derive(Clone, Debug)]
   |                 ^^^^^
45 | pub struct SlotStorage<K: SlotKey, V> {
   |                           ------- unsatisfied trait bound introduced in this `derive` macro
   = note: required for the cast from `&SlotStorage<id::EdgeId, edge::Edge>` to `&dyn Debug`

error[E0277]: the trait bound `id::HeId: SlotKey` is not satisfied
  --> crates\axia-geo\src\mesh.rs:29:5
   |
20 | #[derive(Clone, Debug)]
   |                 ----- in this derive macro expansion
...
29 |     pub hes: SlotStorage<HeId, HalfEdge>,
   |     ^^^^^^^^^^^^^^^^^^^^^^^^^^^^^^^^^^^^ unsatisfied trait bound
   |
help: the trait `SlotKey` is not implemented for `id::HeId`
  --> crates\axia-geo\src\entities\id.rs:13:9
   |
13 |         pub struct $name(u32);
   |         ^^^^^^^^^^^^^^^^^^^^^^
...
63 | define_id!(HeId);
   | ---------------- in this macro invocation
help: the trait `Debug` is implemented for `SlotStorage<K, V>`
  --> crates\axia-geo\src\storage.rs:44:17
   |
44 | #[derive(Clone, Debug)]
   |                 ^^^^^
note: required for `SlotStorage<id::HeId, half_edge::HalfEdge>` to implement `Debug`
  --> crates\axia-geo\src\storage.rs:44:17
   |
44 | #[derive(Clone, Debug)]
   |                 ^^^^^
45 | pub struct SlotStorage<K: SlotKey, V> {
   |                           ------- unsatisfied trait bound introduced in this `derive` macro
   = note: required for the cast from `&SlotStorage<id::HeId, half_edge::HalfEdge>` to `&dyn Debug`

error[E0277]: the trait bound `id::FaceId: SlotKey` is not satisfied
  --> crates\axia-geo\src\mesh.rs:31:5
   |
20 | #[derive(Clone, Debug)]
   |                 ----- in this derive macro expansion
...
31 |     pub faces: SlotStorage<FaceId, Face>,
   |     ^^^^^^^^^^^^^^^^^^^^^^^^^^^^^^^^^^^^ unsatisfied trait bound
   |
help: the trait `SlotKey` is not implemented for `id::FaceId`
  --> crates\axia-geo\src\entities\id.rs:13:9
   |
13 |         pub struct $name(u32);
   |         ^^^^^^^^^^^^^^^^^^^^^^
...
64 | define_id!(FaceId);
   | ------------------ in this macro invocation
help: the trait `Debug` is implemented for `SlotStorage<K, V>`
  --> crates\axia-geo\src\storage.rs:44:17
   |
44 | #[derive(Clone, Debug)]
   |                 ^^^^^
note: required for `SlotStorage<id::FaceId, face::Face>` to implement `Debug`
  --> crates\axia-geo\src\storage.rs:44:17
   |
44 | #[derive(Clone, Debug)]
   |                 ^^^^^
45 | pub struct SlotStorage<K: SlotKey, V> {
   |                           ------- unsatisfied trait bound introduced in this `derive` macro
   = note: required for the cast from `&SlotStorage<id::FaceId, face::Face>` to `&dyn Debug`

error[E0277]: the trait bound `id::VertId: SlotKey` is not satisfied
  --> crates\axia-geo\src\mesh.rs:48:20
   |
48 |             verts: SlotStorage::new(),
   |                    ^^^^^^^^^^^^^^^^^^ unsatisfied trait bound
   |
help: the trait `SlotKey` is not implemented for `id::VertId`
  --> crates\axia-geo\src\entities\id.rs:13:9
   |
13 |         pub struct $name(u32);
   |         ^^^^^^^^^^^^^^^^^^^^^^
...
61 | define_id!(VertId);
   | ------------------ in this macro invocation
note: required by a bound in `SlotStorage`
  --> crates\axia-geo\src\storage.rs:45:27
   |
45 | pub struct SlotStorage<K: SlotKey, V> {
   |                           ^^^^^^^ required by this bound in `SlotStorage`
   = note: this error originates in the macro `define_id` (in Nightly builds, run with -Z macro-backtrace for more info)

error[E0277]: the trait bound `id::VertId: SlotKey` is not satisfied
  --> crates\axia-geo\src\mesh.rs:48:20
   |
48 |             verts: SlotStorage::new(),
   |                    ^^^^^^^^^^^ unsatisfied trait bound
   |
help: the trait `SlotKey` is not implemented for `id::VertId`
  --> crates\axia-geo\src\entities\id.rs:13:9
   |
13 |         pub struct $name(u32);
   |         ^^^^^^^^^^^^^^^^^^^^^^
...
61 | define_id!(VertId);
   | ------------------ in this macro invocation
note: required by a bound in `SlotStorage`
  --> crates\axia-geo\src\storage.rs:45:27
   |
45 | pub struct SlotStorage<K: SlotKey, V> {
   |                           ^^^^^^^ required by this bound in `SlotStorage`
   = note: this error originates in the macro `define_id` (in Nightly builds, run with -Z macro-backtrace for more info)

error[E0277]: the trait bound `id::EdgeId: SlotKey` is not satisfied
  --> crates\axia-geo\src\mesh.rs:49:20
   |
49 |             edges: SlotStorage::new(),
   |                    ^^^^^^^^^^^^^^^^^^ unsatisfied trait bound
   |
help: the trait `SlotKey` is not implemented for `id::EdgeId`
  --> crates\axia-geo\src\entities\id.rs:13:9
   |
13 |         pub struct $name(u32);
   |         ^^^^^^^^^^^^^^^^^^^^^^
...
62 | define_id!(EdgeId);
   | ------------------ in this macro invocation
note: required by a bound in `SlotStorage`
  --> crates\axia-geo\src\storage.rs:45:27
   |
45 | pub struct SlotStorage<K: SlotKey, V> {
   |                           ^^^^^^^ required by this bound in `SlotStorage`
   = note: this error originates in the macro `define_id` (in Nightly builds, run with -Z macro-backtrace for more info)

error[E0277]: the trait bound `id::EdgeId: SlotKey` is not satisfied
  --> crates\axia-geo\src\mesh.rs:49:20
   |
49 |             edges: SlotStorage::new(),
   |                    ^^^^^^^^^^^ unsatisfied trait bound
   |
help: the trait `SlotKey` is not implemented for `id::EdgeId`
  --> crates\axia-geo\src\entities\id.rs:13:9
   |
13 |         pub struct $name(u32);
   |         ^^^^^^^^^^^^^^^^^^^^^^
...
62 | define_id!(EdgeId);
   | ------------------ in this macro invocation
note: required by a bound in `SlotStorage`
  --> crates\axia-geo\src\storage.rs:45:27
   |
45 | pub struct SlotStorage<K: SlotKey, V> {
   |                           ^^^^^^^ required by this bound in `SlotStorage`
   = note: this error originates in the macro `define_id` (in Nightly builds, run with -Z macro-backtrace for more info)

error[E0277]: the trait bound `id::HeId: SlotKey` is not satisfied
  --> crates\axia-geo\src\mesh.rs:50:18
   |
50 |             hes: SlotStorage::new(),
   |                  ^^^^^^^^^^^^^^^^^^ unsatisfied trait bound
   |
help: the trait `SlotKey` is not implemented for `id::HeId`
  --> crates\axia-geo\src\entities\id.rs:13:9
   |
13 |         pub struct $name(u32);
   |         ^^^^^^^^^^^^^^^^^^^^^^
...
63 | define_id!(HeId);
   | ---------------- in this macro invocation
note: required by a bound in `SlotStorage`
  --> crates\axia-geo\src\storage.rs:45:27
   |
45 | pub struct SlotStorage<K: SlotKey, V> {
   |                           ^^^^^^^ required by this bound in `SlotStorage`
   = note: this error originates in the macro `define_id` (in Nightly builds, run with -Z macro-backtrace for more info)

error[E0277]: the trait bound `id::HeId: SlotKey` is not satisfied
  --> crates\axia-geo\src\mesh.rs:50:18
   |
50 |             hes: SlotStorage::new(),
   |                  ^^^^^^^^^^^ unsatisfied trait bound
   |
help: the trait `SlotKey` is not implemented for `id::HeId`
  --> crates\axia-geo\src\entities\id.rs:13:9
   |
13 |         pub struct $name(u32);
   |         ^^^^^^^^^^^^^^^^^^^^^^
...
63 | define_id!(HeId);
   | ---------------- in this macro invocation
note: required by a bound in `SlotStorage`
  --> crates\axia-geo\src\storage.rs:45:27
   |
45 | pub struct SlotStorage<K: SlotKey, V> {
   |                           ^^^^^^^ required by this bound in `SlotStorage`
   = note: this error originates in the macro `define_id` (in Nightly builds, run with -Z macro-backtrace for more info)

error[E0277]: the trait bound `id::FaceId: SlotKey` is not satisfied
  --> crates\axia-geo\src\mesh.rs:51:20
   |
51 |             faces: SlotStorage::new(),
   |                    ^^^^^^^^^^^^^^^^^^ unsatisfied trait bound
   |
help: the trait `SlotKey` is not implemented for `id::FaceId`
  --> crates\axia-geo\src\entities\id.rs:13:9
   |
13 |         pub struct $name(u32);
   |         ^^^^^^^^^^^^^^^^^^^^^^
...
64 | define_id!(FaceId);
   | ------------------ in this macro invocation
note: required by a bound in `SlotStorage`
  --> crates\axia-geo\src\storage.rs:45:27
   |
45 | pub struct SlotStorage<K: SlotKey, V> {
   |                           ^^^^^^^ required by this bound in `SlotStorage`
   = note: this error originates in the macro `define_id` (in Nightly builds, run with -Z macro-backtrace for more info)

error[E0277]: the trait bound `id::FaceId: SlotKey` is not satisfied
  --> crates\axia-geo\src\mesh.rs:51:20
   |
51 |             faces: SlotStorage::new(),
   |                    ^^^^^^^^^^^ unsatisfied trait bound
   |
help: the trait `SlotKey` is not implemented for `id::FaceId`
  --> crates\axia-geo\src\entities\id.rs:13:9
   |
13 |         pub struct $name(u32);
   |         ^^^^^^^^^^^^^^^^^^^^^^
...
64 | define_id!(FaceId);
   | ------------------ in this macro invocation
note: required by a bound in `SlotStorage`
  --> crates\axia-geo\src\storage.rs:45:27
   |
45 | pub struct SlotStorage<K: SlotKey, V> {
   |                           ^^^^^^^ required by this bound in `SlotStorage`
   = note: this error originates in the macro `define_id` (in Nightly builds, run with -Z macro-backtrace for more info)

error[E0599]: the method `iter` exists for struct `SlotStorage<id::VertId, vertex::Vertex>`, but its trait bounds were n
ot satisfied
  --> crates\axia-geo\src\mesh.rs:64:38
   |
64 |         for (id, vert) in self.verts.iter() {
   |                                      ^^^^ method cannot be called on `SlotStorage<id::VertId, vertex::Vertex>` due 
to unsatisfied trait bounds
   |
  ::: crates\axia-geo\src\entities\id.rs:13:9
   |
13 |         pub struct $name(u32);
   |         ---------------------- doesn't satisfy `id::VertId: SlotKey`
   |
  ::: crates\axia-geo\src\storage.rs:45:1
   |
45 | pub struct SlotStorage<K: SlotKey, V> {
   | ------------------------------------- method `iter` not found for this struct
   |
note: trait bound `id::VertId: SlotKey` was not satisfied
  --> crates\axia-geo\src\storage.rs:50:9
   |
50 | impl<K: SlotKey, V> SlotStorage<K, V> {
   |         ^^^^^^^     -----------------
   |         |
   |         unsatisfied trait bound introduced here
note: the trait `SlotKey` must be implemented
  --> crates\axia-geo\src\storage.rs:12:1
   |
12 | pub trait SlotKey: Copy + Default + Eq + std::hash::Hash + fmt::Debug {
   | ^^^^^^^^^^^^^^^^^^^^^^^^^^^^^^^^^^^^^^^^^^^^^^^^^^^^^^^^^^^^^^^^^^^^^
   = help: items from traits can only be used if the trait is implemented and in scope
   = note: the following trait defines an item `iter`, perhaps you need to implement it:
           candidate #1: `Flags`

error[E0282]: type annotations needed
  --> crates\axia-geo\src\mesh.rs:65:16
   |
65 |             if vert.is_active() && vert.coincident(pos) {
   |                ^^^^ cannot infer type

error[E0599]: the method `insert` exists for struct `SlotStorage<id::VertId, vertex::Vertex>`, but its trait bounds were
 not satisfied
  --> crates\axia-geo\src\mesh.rs:69:20
   |
69 |         self.verts.insert(Vertex::new(pos, VERTEX_TOLERANCE))
   |                    ^^^^^^ method cannot be called on `SlotStorage<id::VertId, vertex::Vertex>` due to unsatisfied t
rait bounds
   |
  ::: crates\axia-geo\src\entities\id.rs:13:9
   |
13 |         pub struct $name(u32);
   |         ---------------------- doesn't satisfy `id::VertId: SlotKey`
   |
  ::: crates\axia-geo\src\storage.rs:45:1
   |
45 | pub struct SlotStorage<K: SlotKey, V> {
   | ------------------------------------- method `insert` not found for this struct
   |
note: trait bound `id::VertId: SlotKey` was not satisfied
  --> crates\axia-geo\src\storage.rs:50:9
   |
50 | impl<K: SlotKey, V> SlotStorage<K, V> {
   |         ^^^^^^^     -----------------
   |         |
   |         unsatisfied trait bound introduced here
note: the trait `SlotKey` must be implemented
  --> crates\axia-geo\src\storage.rs:12:1
   |
12 | pub trait SlotKey: Copy + Default + Eq + std::hash::Hash + fmt::Debug {
   | ^^^^^^^^^^^^^^^^^^^^^^^^^^^^^^^^^^^^^^^^^^^^^^^^^^^^^^^^^^^^^^^^^^^^^
   = help: items from traits can only be used if the trait is implemented and in scope
   = note: the following trait defines an item `insert`, perhaps you need to implement it:
           candidate #1: `Flags`

error[E0599]: the method `get` exists for struct `SlotStorage<id::VertId, vertex::Vertex>`, but its trait bounds were no
t satisfied
  --> crates\axia-geo\src\mesh.rs:75:14
   |
74 | /         self.verts
75 | |             .get(id)
   | |             -^^^ method cannot be called on `SlotStorage<id::VertId, vertex::Vertex>` due to unsatisfied trait bo
unds
   | |_____________|
   |
   |
  ::: crates\axia-geo\src\entities\id.rs:13:9
   |
13 |           pub struct $name(u32);
   |           ---------------------- doesn't satisfy `id::VertId: SlotKey`
   |
  ::: crates\axia-geo\src\storage.rs:45:1
   |
45 |   pub struct SlotStorage<K: SlotKey, V> {
   |   ------------------------------------- method `get` not found for this struct
   |
note: trait bound `id::VertId: SlotKey` was not satisfied
  --> crates\axia-geo\src\storage.rs:50:9
   |
50 | impl<K: SlotKey, V> SlotStorage<K, V> {
   |         ^^^^^^^     -----------------
   |         |
   |         unsatisfied trait bound introduced here
note: the trait `SlotKey` must be implemented
  --> crates\axia-geo\src\storage.rs:12:1
   |
12 | pub trait SlotKey: Copy + Default + Eq + std::hash::Hash + fmt::Debug {
   | ^^^^^^^^^^^^^^^^^^^^^^^^^^^^^^^^^^^^^^^^^^^^^^^^^^^^^^^^^^^^^^^^^^^^^
   = help: items from traits can only be used if the trait is implemented and in scope
   = note: the following traits define an item `get`, perhaps you need to implement one of them:
           candidate #1: `SliceIndex`
           candidate #2: `itertools::Itertools`

error[E0282]: type annotations needed
  --> crates\axia-geo\src\mesh.rs:76:19
   |
76 |             .map(|v| v.pos())
   |                   ^  - type must be known at this point
   |
help: consider giving this closure parameter an explicit type
   |
76 |             .map(|v: /* Type */| v.pos())
   |                    ++++++++++++

error[E0599]: the method `insert` exists for struct `SlotStorage<id::EdgeId, edge::Edge>`, but its trait bounds were not
 satisfied
  --> crates\axia-geo\src\mesh.rs:95:34
   |
95 |         let edge_id = self.edges.insert(Edge::new(
   |                       -----------^^^^^^ method cannot be called on `SlotStorage<id::EdgeId, edge::Edge>` due to uns
atisfied trait bounds
   |
  ::: crates\axia-geo\src\entities\id.rs:13:9
   |
13 |         pub struct $name(u32);
   |         ---------------------- doesn't satisfy `id::EdgeId: SlotKey`
   |
  ::: crates\axia-geo\src\storage.rs:45:1
   |
45 | pub struct SlotStorage<K: SlotKey, V> {
   | ------------------------------------- method `insert` not found for this struct
   |
note: trait bound `id::EdgeId: SlotKey` was not satisfied
  --> crates\axia-geo\src\storage.rs:50:9
   |
50 | impl<K: SlotKey, V> SlotStorage<K, V> {
   |         ^^^^^^^     -----------------
   |         |
   |         unsatisfied trait bound introduced here
note: the trait `SlotKey` must be implemented
  --> crates\axia-geo\src\storage.rs:12:1
   |
12 | pub trait SlotKey: Copy + Default + Eq + std::hash::Hash + fmt::Debug {
   | ^^^^^^^^^^^^^^^^^^^^^^^^^^^^^^^^^^^^^^^^^^^^^^^^^^^^^^^^^^^^^^^^^^^^^
   = help: items from traits can only be used if the trait is implemented and in scope
   = note: the following trait defines an item `insert`, perhaps you need to implement it:
           candidate #1: `Flags`

error[E0599]: the method `insert` exists for struct `SlotStorage<id::HeId, half_edge::HalfEdge>`, but its trait bounds w
ere not satisfied
   --> crates\axia-geo\src\mesh.rs:120:34
    |
120 |         let he_fwd_id = self.hes.insert(he_fwd);
    |                                  ^^^^^^ method cannot be called on `SlotStorage<id::HeId, half_edge::HalfEdge>` du
e to unsatisfied trait bounds
    |
   ::: crates\axia-geo\src\entities\id.rs:13:9
    |
 13 |         pub struct $name(u32);
    |         ---------------------- doesn't satisfy `id::HeId: SlotKey`
    |
   ::: crates\axia-geo\src\storage.rs:45:1
    |
 45 | pub struct SlotStorage<K: SlotKey, V> {
    | ------------------------------------- method `insert` not found for this struct
    |
note: trait bound `id::HeId: SlotKey` was not satisfied
   --> crates\axia-geo\src\storage.rs:50:9
    |
 50 | impl<K: SlotKey, V> SlotStorage<K, V> {
    |         ^^^^^^^     -----------------
    |         |
    |         unsatisfied trait bound introduced here
note: the trait `SlotKey` must be implemented
   --> crates\axia-geo\src\storage.rs:12:1
    |
 12 | pub trait SlotKey: Copy + Default + Eq + std::hash::Hash + fmt::Debug {
    | ^^^^^^^^^^^^^^^^^^^^^^^^^^^^^^^^^^^^^^^^^^^^^^^^^^^^^^^^^^^^^^^^^^^^^
    = help: items from traits can only be used if the trait is implemented and in scope
    = note: the following trait defines an item `insert`, perhaps you need to implement it:
            candidate #1: `Flags`

error[E0599]: the method `insert` exists for struct `SlotStorage<id::HeId, half_edge::HalfEdge>`, but its trait bounds w
ere not satisfied
   --> crates\axia-geo\src\mesh.rs:124:34
    |
124 |         let he_bwd_id = self.hes.insert(he_bwd);
    |                                  ^^^^^^ method cannot be called on `SlotStorage<id::HeId, half_edge::HalfEdge>` du
e to unsatisfied trait bounds
    |
   ::: crates\axia-geo\src\entities\id.rs:13:9
    |
 13 |         pub struct $name(u32);
    |         ---------------------- doesn't satisfy `id::HeId: SlotKey`
    |
   ::: crates\axia-geo\src\storage.rs:45:1
    |
 45 | pub struct SlotStorage<K: SlotKey, V> {
    | ------------------------------------- method `insert` not found for this struct
    |
note: trait bound `id::HeId: SlotKey` was not satisfied
   --> crates\axia-geo\src\storage.rs:50:9
    |
 50 | impl<K: SlotKey, V> SlotStorage<K, V> {
    |         ^^^^^^^     -----------------
    |         |
    |         unsatisfied trait bound introduced here
note: the trait `SlotKey` must be implemented
   --> crates\axia-geo\src\storage.rs:12:1
    |
 12 | pub trait SlotKey: Copy + Default + Eq + std::hash::Hash + fmt::Debug {
    | ^^^^^^^^^^^^^^^^^^^^^^^^^^^^^^^^^^^^^^^^^^^^^^^^^^^^^^^^^^^^^^^^^^^^^
    = help: items from traits can only be used if the trait is implemented and in scope
    = note: the following trait defines an item `insert`, perhaps you need to implement it:
            candidate #1: `Flags`

error[E0277]: the trait bound `id::EdgeId: SlotKey` is not satisfied
   --> crates\axia-geo\src\mesh.rs:135:9
    |
135 |         self.edges[edge_id].set_any_he(he_fwd_id);
    |         ^^^^^^^^^^ unsatisfied trait bound
    |
help: the trait `SlotKey` is not implemented for `id::EdgeId`
   --> crates\axia-geo\src\entities\id.rs:13:9
    |
 13 |         pub struct $name(u32);
    |         ^^^^^^^^^^^^^^^^^^^^^^
...
 62 | define_id!(EdgeId);
    | ------------------ in this macro invocation
note: required for `SlotStorage<id::EdgeId, edge::Edge>` to implement `Index<id::EdgeId>`
   --> crates\axia-geo\src\storage.rs:132:21
    |
132 | impl<K: SlotKey, V> std::ops::Index<K> for SlotStorage<K, V> {
    |         -------     ^^^^^^^^^^^^^^^^^^     ^^^^^^^^^^^^^^^^^
    |         |
    |         unsatisfied trait bound introduced here
    = note: this error originates in the macro `define_id` (in Nightly builds, run with -Z macro-backtrace for more info
)

error[E0277]: the trait bound `id::VertId: SlotKey` is not satisfied
   --> crates\axia-geo\src\mesh.rs:138:12
    |
138 |         if self.verts[pair.v_start].outgoing().is_none() {
    |            ^^^^^^^^^^ unsatisfied trait bound
    |
help: the trait `SlotKey` is not implemented for `id::VertId`
   --> crates\axia-geo\src\entities\id.rs:13:9
    |
 13 |         pub struct $name(u32);
    |         ^^^^^^^^^^^^^^^^^^^^^^
...
 61 | define_id!(VertId);
    | ------------------ in this macro invocation
note: required for `SlotStorage<id::VertId, vertex::Vertex>` to implement `Index<id::VertId>`
   --> crates\axia-geo\src\storage.rs:132:21
    |
132 | impl<K: SlotKey, V> std::ops::Index<K> for SlotStorage<K, V> {
    |         -------     ^^^^^^^^^^^^^^^^^^     ^^^^^^^^^^^^^^^^^
    |         |
    |         unsatisfied trait bound introduced here
    = note: this error originates in the macro `define_id` (in Nightly builds, run with -Z macro-backtrace for more info
)

error[E0277]: the trait bound `id::VertId: SlotKey` is not satisfied
   --> crates\axia-geo\src\mesh.rs:139:13
    |
139 |             self.verts[pair.v_start].set_outgoing(Some(he_fwd_id));
    |             ^^^^^^^^^^ unsatisfied trait bound
    |
help: the trait `SlotKey` is not implemented for `id::VertId`
   --> crates\axia-geo\src\entities\id.rs:13:9
    |
 13 |         pub struct $name(u32);
    |         ^^^^^^^^^^^^^^^^^^^^^^
...
 61 | define_id!(VertId);
    | ------------------ in this macro invocation
note: required for `SlotStorage<id::VertId, vertex::Vertex>` to implement `Index<id::VertId>`
   --> crates\axia-geo\src\storage.rs:132:21
    |
132 | impl<K: SlotKey, V> std::ops::Index<K> for SlotStorage<K, V> {
    |         -------     ^^^^^^^^^^^^^^^^^^     ^^^^^^^^^^^^^^^^^
    |         |
    |         unsatisfied trait bound introduced here
    = note: this error originates in the macro `define_id` (in Nightly builds, run with -Z macro-backtrace for more info
)

error[E0277]: the trait bound `id::VertId: SlotKey` is not satisfied
   --> crates\axia-geo\src\mesh.rs:141:12
    |
141 |         if self.verts[pair.v_end].outgoing().is_none() {
    |            ^^^^^^^^^^ unsatisfied trait bound
    |
help: the trait `SlotKey` is not implemented for `id::VertId`
   --> crates\axia-geo\src\entities\id.rs:13:9
    |
 13 |         pub struct $name(u32);
    |         ^^^^^^^^^^^^^^^^^^^^^^
...
 61 | define_id!(VertId);
    | ------------------ in this macro invocation
note: required for `SlotStorage<id::VertId, vertex::Vertex>` to implement `Index<id::VertId>`
   --> crates\axia-geo\src\storage.rs:132:21
    |
132 | impl<K: SlotKey, V> std::ops::Index<K> for SlotStorage<K, V> {
    |         -------     ^^^^^^^^^^^^^^^^^^     ^^^^^^^^^^^^^^^^^
    |         |
    |         unsatisfied trait bound introduced here
    = note: this error originates in the macro `define_id` (in Nightly builds, run with -Z macro-backtrace for more info
)

error[E0277]: the trait bound `id::VertId: SlotKey` is not satisfied
   --> crates\axia-geo\src\mesh.rs:142:13
    |
142 |             self.verts[pair.v_end].set_outgoing(Some(he_bwd_id));
    |             ^^^^^^^^^^ unsatisfied trait bound
    |
help: the trait `SlotKey` is not implemented for `id::VertId`
   --> crates\axia-geo\src\entities\id.rs:13:9
    |
 13 |         pub struct $name(u32);
    |         ^^^^^^^^^^^^^^^^^^^^^^
...
 61 | define_id!(VertId);
    | ------------------ in this macro invocation
note: required for `SlotStorage<id::VertId, vertex::Vertex>` to implement `Index<id::VertId>`
   --> crates\axia-geo\src\storage.rs:132:21
    |
132 | impl<K: SlotKey, V> std::ops::Index<K> for SlotStorage<K, V> {
    |         -------     ^^^^^^^^^^^^^^^^^^     ^^^^^^^^^^^^^^^^^
    |         |
    |         unsatisfied trait bound introduced here
    = note: this error originates in the macro `define_id` (in Nightly builds, run with -Z macro-backtrace for more info
)

error[E0599]: the method `insert` exists for struct `SlotStorage<id::FaceId, face::Face>`, but its trait bounds were not
 satisfied
   --> crates\axia-geo\src\mesh.rs:177:34
    |
177 |         let face_id = self.faces.insert(Face::new(
    |                       -----------^^^^^^ method cannot be called on `SlotStorage<id::FaceId, face::Face>` due to un
satisfied trait bounds
    |
   ::: crates\axia-geo\src\entities\id.rs:13:9
    |
 13 |         pub struct $name(u32);
    |         ---------------------- doesn't satisfy `id::FaceId: SlotKey`
    |
   ::: crates\axia-geo\src\storage.rs:45:1
    |
 45 | pub struct SlotStorage<K: SlotKey, V> {
    | ------------------------------------- method `insert` not found for this struct
    |
note: trait bound `id::FaceId: SlotKey` was not satisfied
   --> crates\axia-geo\src\storage.rs:50:9
    |
 50 | impl<K: SlotKey, V> SlotStorage<K, V> {
    |         ^^^^^^^     -----------------
    |         |
    |         unsatisfied trait bound introduced here
note: the trait `SlotKey` must be implemented
   --> crates\axia-geo\src\storage.rs:12:1
    |
 12 | pub trait SlotKey: Copy + Default + Eq + std::hash::Hash + fmt::Debug {
    | ^^^^^^^^^^^^^^^^^^^^^^^^^^^^^^^^^^^^^^^^^^^^^^^^^^^^^^^^^^^^^^^^^^^^^
    = help: items from traits can only be used if the trait is implemented and in scope
    = note: the following trait defines an item `insert`, perhaps you need to implement it:
            candidate #1: `Flags`

error[E0277]: the trait bound `id::HeId: SlotKey` is not satisfied
   --> crates\axia-geo\src\mesh.rs:227:13
    |
227 |             self.hes[curr].set_next(next);
    |             ^^^^^^^^ unsatisfied trait bound
    |
help: the trait `SlotKey` is not implemented for `id::HeId`
   --> crates\axia-geo\src\entities\id.rs:13:9
    |
 13 |         pub struct $name(u32);
    |         ^^^^^^^^^^^^^^^^^^^^^^
...
 63 | define_id!(HeId);
    | ---------------- in this macro invocation
note: required for `SlotStorage<id::HeId, half_edge::HalfEdge>` to implement `Index<id::HeId>`
   --> crates\axia-geo\src\storage.rs:132:21
    |
132 | impl<K: SlotKey, V> std::ops::Index<K> for SlotStorage<K, V> {
    |         -------     ^^^^^^^^^^^^^^^^^^     ^^^^^^^^^^^^^^^^^
    |         |
    |         unsatisfied trait bound introduced here
    = note: this error originates in the macro `define_id` (in Nightly builds, run with -Z macro-backtrace for more info
)

error[E0277]: the trait bound `id::HeId: SlotKey` is not satisfied
   --> crates\axia-geo\src\mesh.rs:228:13
    |
228 |             self.hes[curr].set_prev(prev);
    |             ^^^^^^^^ unsatisfied trait bound
    |
help: the trait `SlotKey` is not implemented for `id::HeId`
   --> crates\axia-geo\src\entities\id.rs:13:9
    |
 13 |         pub struct $name(u32);
    |         ^^^^^^^^^^^^^^^^^^^^^^
...
 63 | define_id!(HeId);
    | ---------------- in this macro invocation
note: required for `SlotStorage<id::HeId, half_edge::HalfEdge>` to implement `Index<id::HeId>`
   --> crates\axia-geo\src\storage.rs:132:21
    |
132 | impl<K: SlotKey, V> std::ops::Index<K> for SlotStorage<K, V> {
    |         -------     ^^^^^^^^^^^^^^^^^^     ^^^^^^^^^^^^^^^^^
    |         |
    |         unsatisfied trait bound introduced here
    = note: this error originates in the macro `define_id` (in Nightly builds, run with -Z macro-backtrace for more info
)

error[E0277]: the trait bound `id::HeId: SlotKey` is not satisfied
   --> crates\axia-geo\src\mesh.rs:229:13
    |
229 |             self.hes[curr].set_face(face_id);
    |             ^^^^^^^^ unsatisfied trait bound
    |
help: the trait `SlotKey` is not implemented for `id::HeId`
   --> crates\axia-geo\src\entities\id.rs:13:9
    |
 13 |         pub struct $name(u32);
    |         ^^^^^^^^^^^^^^^^^^^^^^
...
 63 | define_id!(HeId);
    | ---------------- in this macro invocation
note: required for `SlotStorage<id::HeId, half_edge::HalfEdge>` to implement `Index<id::HeId>`
   --> crates\axia-geo\src\storage.rs:132:21
    |
132 | impl<K: SlotKey, V> std::ops::Index<K> for SlotStorage<K, V> {
    |         -------     ^^^^^^^^^^^^^^^^^^     ^^^^^^^^^^^^^^^^^
    |         |
    |         unsatisfied trait bound introduced here
    = note: this error originates in the macro `define_id` (in Nightly builds, run with -Z macro-backtrace for more info
)

error[E0277]: the trait bound `id::HeId: SlotKey` is not satisfied
   --> crates\axia-geo\src\mesh.rs:230:13
    |
230 |             self.hes[curr].set_outer(is_outer);
    |             ^^^^^^^^ unsatisfied trait bound
    |
help: the trait `SlotKey` is not implemented for `id::HeId`
   --> crates\axia-geo\src\entities\id.rs:13:9
    |
 13 |         pub struct $name(u32);
    |         ^^^^^^^^^^^^^^^^^^^^^^
...
 63 | define_id!(HeId);
    | ---------------- in this macro invocation
note: required for `SlotStorage<id::HeId, half_edge::HalfEdge>` to implement `Index<id::HeId>`
   --> crates\axia-geo\src\storage.rs:132:21
    |
132 | impl<K: SlotKey, V> std::ops::Index<K> for SlotStorage<K, V> {
    |         -------     ^^^^^^^^^^^^^^^^^^     ^^^^^^^^^^^^^^^^^
    |         |
    |         unsatisfied trait bound introduced here
    = note: this error originates in the macro `define_id` (in Nightly builds, run with -Z macro-backtrace for more info
)

error[E0277]: the trait bound `id::EdgeId: SlotKey` is not satisfied
   --> crates\axia-geo\src\mesh.rs:238:24
    |
238 |         let start_he = self.edges[edge_id].any_he();
    |                        ^^^^^^^^^^ unsatisfied trait bound
    |
help: the trait `SlotKey` is not implemented for `id::EdgeId`
   --> crates\axia-geo\src\entities\id.rs:13:9
    |
 13 |         pub struct $name(u32);
    |         ^^^^^^^^^^^^^^^^^^^^^^
...
 62 | define_id!(EdgeId);
    | ------------------ in this macro invocation
note: required for `SlotStorage<id::EdgeId, edge::Edge>` to implement `Index<id::EdgeId>`
   --> crates\axia-geo\src\storage.rs:132:21
    |
132 | impl<K: SlotKey, V> std::ops::Index<K> for SlotStorage<K, V> {
    |         -------     ^^^^^^^^^^^^^^^^^^     ^^^^^^^^^^^^^^^^^
    |         |
    |         unsatisfied trait bound introduced here
    = note: this error originates in the macro `define_id` (in Nightly builds, run with -Z macro-backtrace for more info
)

error[E0277]: the trait bound `id::HeId: SlotKey` is not satisfied
   --> crates\axia-geo\src\mesh.rs:245:16
    |
245 |             if self.hes[he_id].dst() == dst && self.hes[he_id].face().is_null() {
    |                ^^^^^^^^ unsatisfied trait bound
    |
help: the trait `SlotKey` is not implemented for `id::HeId`
   --> crates\axia-geo\src\entities\id.rs:13:9
    |
 13 |         pub struct $name(u32);
    |         ^^^^^^^^^^^^^^^^^^^^^^
...
 63 | define_id!(HeId);
    | ---------------- in this macro invocation
note: required for `SlotStorage<id::HeId, half_edge::HalfEdge>` to implement `Index<id::HeId>`
   --> crates\axia-geo\src\storage.rs:132:21
    |
132 | impl<K: SlotKey, V> std::ops::Index<K> for SlotStorage<K, V> {
    |         -------     ^^^^^^^^^^^^^^^^^^     ^^^^^^^^^^^^^^^^^
    |         |
    |         unsatisfied trait bound introduced here
    = note: this error originates in the macro `define_id` (in Nightly builds, run with -Z macro-backtrace for more info
)

error[E0277]: the trait bound `id::HeId: SlotKey` is not satisfied
   --> crates\axia-geo\src\mesh.rs:245:48
    |
245 |             if self.hes[he_id].dst() == dst && self.hes[he_id].face().is_null() {
    |                                                ^^^^^^^^ unsatisfied trait bound
    |
help: the trait `SlotKey` is not implemented for `id::HeId`
   --> crates\axia-geo\src\entities\id.rs:13:9
    |
 13 |         pub struct $name(u32);
    |         ^^^^^^^^^^^^^^^^^^^^^^
...
 63 | define_id!(HeId);
    | ---------------- in this macro invocation
note: required for `SlotStorage<id::HeId, half_edge::HalfEdge>` to implement `Index<id::HeId>`
   --> crates\axia-geo\src\storage.rs:132:21
    |
132 | impl<K: SlotKey, V> std::ops::Index<K> for SlotStorage<K, V> {
    |         -------     ^^^^^^^^^^^^^^^^^^     ^^^^^^^^^^^^^^^^^
    |         |
    |         unsatisfied trait bound introduced here
    = note: this error originates in the macro `define_id` (in Nightly builds, run with -Z macro-backtrace for more info
)

error[E0277]: the trait bound `id::HeId: SlotKey` is not satisfied
   --> crates\axia-geo\src\mesh.rs:248:21
    |
248 |             he_id = self.hes[he_id].next_rad();
    |                     ^^^^^^^^ unsatisfied trait bound
    |
help: the trait `SlotKey` is not implemented for `id::HeId`
   --> crates\axia-geo\src\entities\id.rs:13:9
    |
 13 |         pub struct $name(u32);
    |         ^^^^^^^^^^^^^^^^^^^^^^
...
 63 | define_id!(HeId);
    | ---------------- in this macro invocation
note: required for `SlotStorage<id::HeId, half_edge::HalfEdge>` to implement `Index<id::HeId>`
   --> crates\axia-geo\src\storage.rs:132:21
    |
132 | impl<K: SlotKey, V> std::ops::Index<K> for SlotStorage<K, V> {
    |         -------     ^^^^^^^^^^^^^^^^^^     ^^^^^^^^^^^^^^^^^
    |         |
    |         unsatisfied trait bound introduced here
    = note: this error originates in the macro `define_id` (in Nightly builds, run with -Z macro-backtrace for more info
)

error[E0277]: the trait bound `id::HeId: SlotKey` is not satisfied
   --> crates\axia-geo\src\mesh.rs:257:16
    |
257 |             if self.hes[he_id].dst() == dst {
    |                ^^^^^^^^ unsatisfied trait bound
    |
help: the trait `SlotKey` is not implemented for `id::HeId`
   --> crates\axia-geo\src\entities\id.rs:13:9
    |
 13 |         pub struct $name(u32);
    |         ^^^^^^^^^^^^^^^^^^^^^^
...
 63 | define_id!(HeId);
    | ---------------- in this macro invocation
note: required for `SlotStorage<id::HeId, half_edge::HalfEdge>` to implement `Index<id::HeId>`
   --> crates\axia-geo\src\storage.rs:132:21
    |
132 | impl<K: SlotKey, V> std::ops::Index<K> for SlotStorage<K, V> {
    |         -------     ^^^^^^^^^^^^^^^^^^     ^^^^^^^^^^^^^^^^^
    |         |
    |         unsatisfied trait bound introduced here
    = note: this error originates in the macro `define_id` (in Nightly builds, run with -Z macro-backtrace for more info
)

error[E0277]: the trait bound `id::HeId: SlotKey` is not satisfied
   --> crates\axia-geo\src\mesh.rs:260:21
    |
260 |             he_id = self.hes[he_id].next_rad();
    |                     ^^^^^^^^ unsatisfied trait bound
    |
help: the trait `SlotKey` is not implemented for `id::HeId`
   --> crates\axia-geo\src\entities\id.rs:13:9
    |
 13 |         pub struct $name(u32);
    |         ^^^^^^^^^^^^^^^^^^^^^^
...
 63 | define_id!(HeId);
    | ---------------- in this macro invocation
note: required for `SlotStorage<id::HeId, half_edge::HalfEdge>` to implement `Index<id::HeId>`
   --> crates\axia-geo\src\storage.rs:132:21
    |
132 | impl<K: SlotKey, V> std::ops::Index<K> for SlotStorage<K, V> {
    |         -------     ^^^^^^^^^^^^^^^^^^     ^^^^^^^^^^^^^^^^^
    |         |
    |         unsatisfied trait bound introduced here
    = note: this error originates in the macro `define_id` (in Nightly builds, run with -Z macro-backtrace for more info
)

error[E0277]: the trait bound `id::FaceId: SlotKey` is not satisfied
   --> crates\axia-geo\src\mesh.rs:312:18
    |
312 |         let n1 = self.faces[f1].normal();
    |                  ^^^^^^^^^^ unsatisfied trait bound
    |
help: the trait `SlotKey` is not implemented for `id::FaceId`
   --> crates\axia-geo\src\entities\id.rs:13:9
    |
 13 |         pub struct $name(u32);
    |         ^^^^^^^^^^^^^^^^^^^^^^
...
 64 | define_id!(FaceId);
    | ------------------ in this macro invocation
note: required for `SlotStorage<id::FaceId, face::Face>` to implement `Index<id::FaceId>`
   --> crates\axia-geo\src\storage.rs:132:21
    |
132 | impl<K: SlotKey, V> std::ops::Index<K> for SlotStorage<K, V> {
    |         -------     ^^^^^^^^^^^^^^^^^^     ^^^^^^^^^^^^^^^^^
    |         |
    |         unsatisfied trait bound introduced here
    = note: this error originates in the macro `define_id` (in Nightly builds, run with -Z macro-backtrace for more info
)

error[E0277]: the trait bound `id::FaceId: SlotKey` is not satisfied
   --> crates\axia-geo\src\mesh.rs:313:18
    |
313 |         let n2 = self.faces[f2].normal();
    |                  ^^^^^^^^^^ unsatisfied trait bound
    |
help: the trait `SlotKey` is not implemented for `id::FaceId`
   --> crates\axia-geo\src\entities\id.rs:13:9
    |
 13 |         pub struct $name(u32);
    |         ^^^^^^^^^^^^^^^^^^^^^^
...
 64 | define_id!(FaceId);
    | ------------------ in this macro invocation
note: required for `SlotStorage<id::FaceId, face::Face>` to implement `Index<id::FaceId>`
   --> crates\axia-geo\src\storage.rs:132:21
    |
132 | impl<K: SlotKey, V> std::ops::Index<K> for SlotStorage<K, V> {
    |         -------     ^^^^^^^^^^^^^^^^^^     ^^^^^^^^^^^^^^^^^
    |         |
    |         unsatisfied trait bound introduced here
    = note: this error originates in the macro `define_id` (in Nightly builds, run with -Z macro-backtrace for more info
)

error[E0599]: the method `get` exists for struct `SlotStorage<id::HeId, half_edge::HalfEdge>`, but its trait bounds were
 not satisfied
   --> crates\axia-geo\src\mesh.rs:328:31
    |
328 |             let he = self.hes.get(he_id)
    |                               ^^^ method cannot be called on `SlotStorage<id::HeId, half_edge::HalfEdge>` due to u
nsatisfied trait bounds
    |
   ::: crates\axia-geo\src\entities\id.rs:13:9
    |
 13 |         pub struct $name(u32);
    |         ---------------------- doesn't satisfy `id::HeId: SlotKey`
    |
   ::: crates\axia-geo\src\storage.rs:45:1
    |
 45 | pub struct SlotStorage<K: SlotKey, V> {
    | ------------------------------------- method `get` not found for this struct
    |
note: trait bound `id::HeId: SlotKey` was not satisfied
   --> crates\axia-geo\src\storage.rs:50:9
    |
 50 | impl<K: SlotKey, V> SlotStorage<K, V> {
    |         ^^^^^^^     -----------------
    |         |
    |         unsatisfied trait bound introduced here
note: the trait `SlotKey` must be implemented
   --> crates\axia-geo\src\storage.rs:12:1
    |
 12 | pub trait SlotKey: Copy + Default + Eq + std::hash::Hash + fmt::Debug {
    | ^^^^^^^^^^^^^^^^^^^^^^^^^^^^^^^^^^^^^^^^^^^^^^^^^^^^^^^^^^^^^^^^^^^^^
    = help: items from traits can only be used if the trait is implemented and in scope
    = note: the following traits define an item `get`, perhaps you need to implement one of them:
            candidate #1: `SliceIndex`
            candidate #2: `itertools::Itertools`

error[E0599]: the method `get` exists for struct `SlotStorage<id::HeId, half_edge::HalfEdge>`, but its trait bounds were
 not satisfied
   --> crates\axia-geo\src\mesh.rs:351:31
    |
351 |             let he = self.hes.get(he_id)
    |                               ^^^ method cannot be called on `SlotStorage<id::HeId, half_edge::HalfEdge>` due to u
nsatisfied trait bounds
    |
   ::: crates\axia-geo\src\entities\id.rs:13:9
    |
 13 |         pub struct $name(u32);
    |         ---------------------- doesn't satisfy `id::HeId: SlotKey`
    |
   ::: crates\axia-geo\src\storage.rs:45:1
    |
 45 | pub struct SlotStorage<K: SlotKey, V> {
    | ------------------------------------- method `get` not found for this struct
    |
note: trait bound `id::HeId: SlotKey` was not satisfied
   --> crates\axia-geo\src\storage.rs:50:9
    |
 50 | impl<K: SlotKey, V> SlotStorage<K, V> {
    |         ^^^^^^^     -----------------
    |         |
    |         unsatisfied trait bound introduced here
note: the trait `SlotKey` must be implemented
   --> crates\axia-geo\src\storage.rs:12:1
    |
 12 | pub trait SlotKey: Copy + Default + Eq + std::hash::Hash + fmt::Debug {
    | ^^^^^^^^^^^^^^^^^^^^^^^^^^^^^^^^^^^^^^^^^^^^^^^^^^^^^^^^^^^^^^^^^^^^^
    = help: items from traits can only be used if the trait is implemented and in scope
    = note: the following traits define an item `get`, perhaps you need to implement one of them:
            candidate #1: `SliceIndex`
            candidate #2: `itertools::Itertools`

error[E0277]: the trait bound `id::FaceId: SlotKey` is not satisfied
   --> crates\axia-geo\src\mesh.rs:367:21
    |
367 |         let start = self.faces[face_id].outer().start;
    |                     ^^^^^^^^^^ unsatisfied trait bound
    |
help: the trait `SlotKey` is not implemented for `id::FaceId`
   --> crates\axia-geo\src\entities\id.rs:13:9
    |
 13 |         pub struct $name(u32);
    |         ^^^^^^^^^^^^^^^^^^^^^^
...
 64 | define_id!(FaceId);
    | ------------------ in this macro invocation
note: required for `SlotStorage<id::FaceId, face::Face>` to implement `Index<id::FaceId>`
   --> crates\axia-geo\src\storage.rs:132:21
    |
132 | impl<K: SlotKey, V> std::ops::Index<K> for SlotStorage<K, V> {
    |         -------     ^^^^^^^^^^^^^^^^^^     ^^^^^^^^^^^^^^^^^
    |         |
    |         unsatisfied trait bound introduced here
    = note: this error originates in the macro `define_id` (in Nightly builds, run with -Z macro-backtrace for more info
)

error[E0277]: the trait bound `id::HeId: SlotKey` is not satisfied
   --> crates\axia-geo\src\mesh.rs:369:36
    |
369 |         Ok(hes.iter().map(|&he_id| self.hes[he_id].edge()).collect())
    |                                    ^^^^^^^^ unsatisfied trait bound
    |
help: the trait `SlotKey` is not implemented for `id::HeId`
   --> crates\axia-geo\src\entities\id.rs:13:9
    |
 13 |         pub struct $name(u32);
    |         ^^^^^^^^^^^^^^^^^^^^^^
...
 63 | define_id!(HeId);
    | ---------------- in this macro invocation
note: required for `SlotStorage<id::HeId, half_edge::HalfEdge>` to implement `Index<id::HeId>`
   --> crates\axia-geo\src\storage.rs:132:21
    |
132 | impl<K: SlotKey, V> std::ops::Index<K> for SlotStorage<K, V> {
    |         -------     ^^^^^^^^^^^^^^^^^^     ^^^^^^^^^^^^^^^^^
    |         |
    |         unsatisfied trait bound introduced here
    = note: this error originates in the macro `define_id` (in Nightly builds, run with -Z macro-backtrace for more info
)

error[E0599]: the method `iter` exists for struct `SlotStorage<id::FaceId, face::Face>`, but its trait bounds were not s
atisfied
   --> crates\axia-geo\src\mesh.rs:384:43
    |
384 |         for (face_id, face) in self.faces.iter() {
    |                                           ^^^^ method cannot be called on `SlotStorage<id::FaceId, face::Face>` du
e to unsatisfied trait bounds
    |
   ::: crates\axia-geo\src\entities\id.rs:13:9
    |
 13 |         pub struct $name(u32);
    |         ---------------------- doesn't satisfy `id::FaceId: SlotKey`
    |
   ::: crates\axia-geo\src\storage.rs:45:1
    |
 45 | pub struct SlotStorage<K: SlotKey, V> {
    | ------------------------------------- method `iter` not found for this struct
    |
note: trait bound `id::FaceId: SlotKey` was not satisfied
   --> crates\axia-geo\src\storage.rs:50:9
    |
 50 | impl<K: SlotKey, V> SlotStorage<K, V> {
    |         ^^^^^^^     -----------------
    |         |
    |         unsatisfied trait bound introduced here
note: the trait `SlotKey` must be implemented
   --> crates\axia-geo\src\storage.rs:12:1
    |
 12 | pub trait SlotKey: Copy + Default + Eq + std::hash::Hash + fmt::Debug {
    | ^^^^^^^^^^^^^^^^^^^^^^^^^^^^^^^^^^^^^^^^^^^^^^^^^^^^^^^^^^^^^^^^^^^^^
    = help: items from traits can only be used if the trait is implemented and in scope
    = note: the following trait defines an item `iter`, perhaps you need to implement it:
            candidate #1: `Flags`

error[E0282]: type annotations needed
   --> crates\axia-geo\src\mesh.rs:385:17
    |
385 |             if !face.is_active() || !face.is_visible() {
    |                 ^^^^ cannot infer type

error[E0599]: the method `len` exists for struct `SlotStorage<id::VertId, vertex::Vertex>`, but its trait bounds were no
t satisfied
   --> crates\axia-geo\src\mesh.rs:454:20
    |
454 |         self.verts.len()
    |                    ^^^ method cannot be called on `SlotStorage<id::VertId, vertex::Vertex>` due to unsatisfied tra
it bounds
    |
   ::: crates\axia-geo\src\entities\id.rs:13:9
    |
 13 |         pub struct $name(u32);
    |         ---------------------- doesn't satisfy `id::VertId: SlotKey`
    |
   ::: crates\axia-geo\src\storage.rs:45:1
    |
 45 | pub struct SlotStorage<K: SlotKey, V> {
    | ------------------------------------- method `len` not found for this struct
    |
note: trait bound `id::VertId: SlotKey` was not satisfied
   --> crates\axia-geo\src\storage.rs:50:9
    |
 50 | impl<K: SlotKey, V> SlotStorage<K, V> {
    |         ^^^^^^^     -----------------
    |         |
    |         unsatisfied trait bound introduced here
note: the trait `SlotKey` must be implemented
   --> crates\axia-geo\src\storage.rs:12:1
    |
 12 | pub trait SlotKey: Copy + Default + Eq + std::hash::Hash + fmt::Debug {
    | ^^^^^^^^^^^^^^^^^^^^^^^^^^^^^^^^^^^^^^^^^^^^^^^^^^^^^^^^^^^^^^^^^^^^^
    = help: items from traits can only be used if the trait is implemented and in scope
    = note: the following traits define an item `len`, perhaps you need to implement one of them:
            candidate #1: `ExactSizeIterator`
            candidate #2: `itertools::combinations::PoolIndex`

error[E0599]: the method `len` exists for struct `SlotStorage<id::EdgeId, edge::Edge>`, but its trait bounds were not sa
tisfied
   --> crates\axia-geo\src\mesh.rs:458:20
    |
458 |         self.edges.len()
    |                    ^^^ method cannot be called on `SlotStorage<id::EdgeId, edge::Edge>` due to unsatisfied trait b
ounds
    |
   ::: crates\axia-geo\src\entities\id.rs:13:9
    |
 13 |         pub struct $name(u32);
    |         ---------------------- doesn't satisfy `id::EdgeId: SlotKey`
    |
   ::: crates\axia-geo\src\storage.rs:45:1
    |
 45 | pub struct SlotStorage<K: SlotKey, V> {
    | ------------------------------------- method `len` not found for this struct
    |
note: trait bound `id::EdgeId: SlotKey` was not satisfied
   --> crates\axia-geo\src\storage.rs:50:9
    |
 50 | impl<K: SlotKey, V> SlotStorage<K, V> {
    |         ^^^^^^^     -----------------
    |         |
    |         unsatisfied trait bound introduced here
note: the trait `SlotKey` must be implemented
   --> crates\axia-geo\src\storage.rs:12:1
    |
 12 | pub trait SlotKey: Copy + Default + Eq + std::hash::Hash + fmt::Debug {
    | ^^^^^^^^^^^^^^^^^^^^^^^^^^^^^^^^^^^^^^^^^^^^^^^^^^^^^^^^^^^^^^^^^^^^^
    = help: items from traits can only be used if the trait is implemented and in scope
    = note: the following traits define an item `len`, perhaps you need to implement one of them:
            candidate #1: `ExactSizeIterator`
            candidate #2: `itertools::combinations::PoolIndex`

error[E0599]: the method `len` exists for struct `SlotStorage<id::FaceId, face::Face>`, but its trait bounds were not sa
tisfied
   --> crates\axia-geo\src\mesh.rs:462:20
    |
462 |         self.faces.len()
    |                    ^^^ method cannot be called on `SlotStorage<id::FaceId, face::Face>` due to unsatisfied trait b
ounds
    |
   ::: crates\axia-geo\src\entities\id.rs:13:9
    |
 13 |         pub struct $name(u32);
    |         ---------------------- doesn't satisfy `id::FaceId: SlotKey`
    |
   ::: crates\axia-geo\src\storage.rs:45:1
    |
 45 | pub struct SlotStorage<K: SlotKey, V> {
    | ------------------------------------- method `len` not found for this struct
    |
note: trait bound `id::FaceId: SlotKey` was not satisfied
   --> crates\axia-geo\src\storage.rs:50:9
    |
 50 | impl<K: SlotKey, V> SlotStorage<K, V> {
    |         ^^^^^^^     -----------------
    |         |
    |         unsatisfied trait bound introduced here
note: the trait `SlotKey` must be implemented
   --> crates\axia-geo\src\storage.rs:12:1
    |
 12 | pub trait SlotKey: Copy + Default + Eq + std::hash::Hash + fmt::Debug {
    | ^^^^^^^^^^^^^^^^^^^^^^^^^^^^^^^^^^^^^^^^^^^^^^^^^^^^^^^^^^^^^^^^^^^^^
    = help: items from traits can only be used if the trait is implemented and in scope
    = note: the following traits define an item `len`, perhaps you need to implement one of them:
            candidate #1: `ExactSizeIterator`
            candidate #2: `itertools::combinations::PoolIndex`

error[E0599]: the method `len` exists for struct `SlotStorage<id::HeId, half_edge::HalfEdge>`, but its trait bounds were
 not satisfied
   --> crates\axia-geo\src\mesh.rs:466:18
    |
466 |         self.hes.len()
    |                  ^^^ method cannot be called on `SlotStorage<id::HeId, half_edge::HalfEdge>` due to unsatisfied tr
ait bounds
    |
   ::: crates\axia-geo\src\entities\id.rs:13:9
    |
 13 |         pub struct $name(u32);
    |         ---------------------- doesn't satisfy `id::HeId: SlotKey`
    |
   ::: crates\axia-geo\src\storage.rs:45:1
    |
 45 | pub struct SlotStorage<K: SlotKey, V> {
    | ------------------------------------- method `len` not found for this struct
    |
note: trait bound `id::HeId: SlotKey` was not satisfied
   --> crates\axia-geo\src\storage.rs:50:9
    |
 50 | impl<K: SlotKey, V> SlotStorage<K, V> {
    |         ^^^^^^^     -----------------
    |         |
    |         unsatisfied trait bound introduced here
note: the trait `SlotKey` must be implemented
   --> crates\axia-geo\src\storage.rs:12:1
    |
 12 | pub trait SlotKey: Copy + Default + Eq + std::hash::Hash + fmt::Debug {
    | ^^^^^^^^^^^^^^^^^^^^^^^^^^^^^^^^^^^^^^^^^^^^^^^^^^^^^^^^^^^^^^^^^^^^^
    = help: items from traits can only be used if the trait is implemented and in scope
    = note: the following traits define an item `len`, perhaps you need to implement one of them:
            candidate #1: `ExactSizeIterator`
            candidate #2: `itertools::combinations::PoolIndex`

error[E0599]: the method `contains` exists for struct `SlotStorage<id::FaceId, face::Face>`, but its trait bounds were n
ot satisfied
  --> crates\axia-geo\src\operations\push_pull.rs:40:24
   |
40 |         if !self.faces.contains(face_id) {
   |                        ^^^^^^^^ method cannot be called on `SlotStorage<id::FaceId, face::Face>` due to unsatisfied
 trait bounds
   |
  ::: crates\axia-geo\src\entities\id.rs:13:9
   |
13 |         pub struct $name(u32);
   |         ---------------------- doesn't satisfy `id::FaceId: SlotKey`
   |
  ::: crates\axia-geo\src\storage.rs:45:1
   |
45 | pub struct SlotStorage<K: SlotKey, V> {
   | ------------------------------------- method `contains` not found for this struct
   |
note: trait bound `id::FaceId: SlotKey` was not satisfied
  --> crates\axia-geo\src\storage.rs:50:9
   |
50 | impl<K: SlotKey, V> SlotStorage<K, V> {
   |         ^^^^^^^     -----------------
   |         |
   |         unsatisfied trait bound introduced here
note: the trait `SlotKey` must be implemented
  --> crates\axia-geo\src\storage.rs:12:1
   |
12 | pub trait SlotKey: Copy + Default + Eq + std::hash::Hash + fmt::Debug {
   | ^^^^^^^^^^^^^^^^^^^^^^^^^^^^^^^^^^^^^^^^^^^^^^^^^^^^^^^^^^^^^^^^^^^^^
   = help: items from traits can only be used if the trait is implemented and in scope
   = note: the following traits define an item `contains`, perhaps you need to implement one of them:
           candidate #1: `Flags`
           candidate #2: `RangeBounds`
           candidate #3: `itertools::Itertools`

Some errors have detailed explanations: E0277, E0282, E0425, E0599, E0603.
For more information about an error, try `rustc --explain E0277`.
error: could not compile `axia-geo` (lib) due to 98 previous errors
